Archive member included because of file (symbol)

C:\Users\Prototipado\Documents\LPCXpresso_7.6.2_326\workspace\Lib_FatFs_SD\Debug\libLib_FatFs_SD.a(ff.o)
                              ./Drivers/src/DSD.o (f_mount)
C:\Users\Prototipado\Documents\LPCXpresso_7.6.2_326\workspace\Lib_FatFs_SD\Debug\libLib_FatFs_SD.a(mmc.o)
                              ./Drivers/src/DSD.o (disk_initialize)
C:\Users\Prototipado\Documents\LPCXpresso_7.6.2_326\workspace\Lib_FatFs_SD\Debug\libLib_FatFs_SD.a(FatFS_support.o)
                              C:\Users\Prototipado\Documents\LPCXpresso_7.6.2_326\workspace\Lib_FatFs_SD\Debug\libLib_FatFs_SD.a(ff.o) (get_fattime)
C:\Users\Prototipado\Documents\LPCXpresso_7.6.2_326\workspace\LIB_GLCDgui\Debug\libLIB_GLCDgui.a(GLCDgui.o)
                              ./Drivers/src/Display.o (GUI_StartLibrary)
C:\Users\Prototipado\Documents\LPCXpresso_7.6.2_326\workspace\LIB_GLCDgui\Debug\libLIB_GLCDgui.a(list.o)
                              C:\Users\Prototipado\Documents\LPCXpresso_7.6.2_326\workspace\LIB_GLCDgui\Debug\libLIB_GLCDgui.a(GLCDgui.o) (List_Init)
C:\Users\Prototipado\Documents\LPCXpresso_7.6.2_326\workspace\LIB_GLCDgui\Debug\libLIB_GLCDgui.a(picture.o)
                              ./Drivers/src/Display.o (GUI_Picture_Create)
C:\Users\Prototipado\Documents\LPCXpresso_7.6.2_326\workspace\LIB_GLCDgui\Debug\libLIB_GLCDgui.a(text.o)
                              ./Drivers/src/Display.o (GUI_Text_Create)
C:\Users\Prototipado\Documents\LPCXpresso_7.6.2_326\workspace\LIB_GLCDgui\Debug\libLIB_GLCDgui.a(windows.o)
                              ./Drivers/src/Display.o (GUI_Window_Create)
C:\Users\Prototipado\Documents\LPCXpresso_7.6.2_326\workspace\LIB_GLCDgui\Debug\libLIB_GLCDgui.a(object.o)
                              C:\Users\Prototipado\Documents\LPCXpresso_7.6.2_326\workspace\LIB_GLCDgui\Debug\libLIB_GLCDgui.a(windows.o) (GUI_DrawObject)
C:\Users\Prototipado\Documents\LPCXpresso_7.6.2_326\workspace\LIB_GLCDgui\Debug\libLIB_GLCDgui.a(textSlider.o)
                              C:\Users\Prototipado\Documents\LPCXpresso_7.6.2_326\workspace\LIB_GLCDgui\Debug\libLIB_GLCDgui.a(object.o) (GUI_TextSlider_Draw)
C:\Users\Prototipado\Documents\LPCXpresso_7.6.2_326\workspace\LIB_GLCDgui\Debug\libLIB_GLCDgui.a(button.o)
                              C:\Users\Prototipado\Documents\LPCXpresso_7.6.2_326\workspace\LIB_GLCDgui\Debug\libLIB_GLCDgui.a(textSlider.o) (GUI_Button_CreateNotInWindowList)
C:\Users\Prototipado\Documents\LPCXpresso_7.6.2_326\workspace\LIB_GLCDPrimitives\Debug\libLIB_GLCDPrimitives.a(GLCDFonts.o)
                              C:\Users\Prototipado\Documents\LPCXpresso_7.6.2_326\workspace\LIB_GLCDgui\Debug\libLIB_GLCDgui.a(text.o) (GLCD_SelectFont)
C:\Users\Prototipado\Documents\LPCXpresso_7.6.2_326\workspace\LIB_GLCDPrimitives\Debug\libLIB_GLCDPrimitives.a(GLCDPrimitives.o)
                              C:\Users\Prototipado\Documents\LPCXpresso_7.6.2_326\workspace\LIB_GLCDgui\Debug\libLIB_GLCDgui.a(GLCDgui.o) (GLCDPrimitives_ClearScreen)
C:\Users\Prototipado\Documents\LPCXpresso_7.6.2_326\workspace\Lib_GLCDLowLevel\Debug\libLib_GLCDLowLevel.a(GLCDLowLevel.o)
                              C:\Users\Prototipado\Documents\LPCXpresso_7.6.2_326\workspace\LIB_GLCDgui\Debug\libLIB_GLCDgui.a(GLCDgui.o) (GLCDLowLevel_Init)
C:\Users\Prototipado\Documents\LPCXpresso_7.6.2_326\workspace\Lib_GLCDLowLevel\Debug\libLib_GLCDLowLevel.a(MicroInterface.o)
                              C:\Users\Prototipado\Documents\LPCXpresso_7.6.2_326\workspace\Lib_GLCDLowLevel\Debug\libLib_GLCDLowLevel.a(GLCDLowLevel.o) (MicroInterface_Init)
C:\Users\Prototipado\Documents\LPCXpresso_7.6.2_326\workspace\lpc_chip_175x_6x\Debug\liblpc_chip_175x_6x.a(can_17xx_40xx.o)
                              ./Board/src/Board.o (Chip_CAN_Init)
C:\Users\Prototipado\Documents\LPCXpresso_7.6.2_326\workspace\lpc_chip_175x_6x\Debug\liblpc_chip_175x_6x.a(chip_17xx_40xx.o)
                              ./freertos/src/port.o (SystemCoreClock)
C:\Users\Prototipado\Documents\LPCXpresso_7.6.2_326\workspace\lpc_chip_175x_6x\Debug\liblpc_chip_175x_6x.a(clock_17xx_40xx.o)
                              C:\Users\Prototipado\Documents\LPCXpresso_7.6.2_326\workspace\lpc_chip_175x_6x\Debug\liblpc_chip_175x_6x.a(chip_17xx_40xx.o) (Chip_Clock_EnablePLL)
C:\Users\Prototipado\Documents\LPCXpresso_7.6.2_326\workspace\lpc_chip_175x_6x\Debug\liblpc_chip_175x_6x.a(iocon_17xx_40xx.o)
                              ./Board/src/Board.o (Chip_IOCON_PinMuxSet)
C:\Users\Prototipado\Documents\LPCXpresso_7.6.2_326\workspace\lpc_chip_175x_6x\Debug\liblpc_chip_175x_6x.a(pwm_17xx_40xx.o)
                              ./Board/src/Board.o (Chip_PWM_Init)
C:\Users\Prototipado\Documents\LPCXpresso_7.6.2_326\workspace\lpc_chip_175x_6x\Debug\liblpc_chip_175x_6x.a(rtc_17xx_40xx.o)
                              ./Drivers/src/DSD.o (Chip_RTC_Init)
C:\Users\Prototipado\Documents\LPCXpresso_7.6.2_326\workspace\lpc_chip_175x_6x\Debug\liblpc_chip_175x_6x.a(ssp_17xx_40xx.o)
[...]
Memory Configuration

Name             Origin             Length             Attributes
MFlash512        0x00000000         0x00080000         xr
RamLoc32         0x10000000         0x00008000         xrw
RamAHB32         0x2007c000         0x00008000         xrw
*default*        0x00000000         0xffffffff

Linker script and memory map

LOAD ./freertos/src/FreeRTOSCommonHooks.o
LOAD ./freertos/src/basic_io.o
LOAD ./freertos/src/consoleprint.o
LOAD ./freertos/src/heap_2.o
LOAD ./freertos/src/list.o
LOAD ./freertos/src/port.o
LOAD ./freertos/src/queue.o
LOAD ./freertos/src/tasks.o
LOAD ./Modules/src/Acquirer.o
LOAD ./Modules/src/Analyzer.o
LOAD ./Modules/src/Storer.o
LOAD ./Modules/src/Transceiver.o
LOAD ./Modules/src/UserIO.o
LOAD ./Drivers/src/Common.o
LOAD ./Drivers/src/DSD.o
LOAD ./Drivers/src/Display.o
LOAD ./Drivers/src/GL865.o
LOAD ./Drivers/src/Keypad.o
LOAD ./Drivers/src/Modem.o
LOAD ./Drivers/src/Sensor.o
LOAD ./Data/src/Alarms.o
LOAD ./Data/src/Descriptors.o
LOAD ./Data/src/Environmental.o
LOAD ./Data/src/GPRS.o
LOAD ./Data/src/Recipe.o
LOAD ./Data/src/SDcard.o
LOAD ./Board/src/Board.o
LOAD ./Application/STGAA+RTOS.o
LOAD ./Application/cr_startup_lpc175x_6x.o
LOAD ./Application/crp.o
LOAD ./Application/sysinit.o
LOAD C:\Users\Prototipado\Documents\LPCXpresso_7.6.2_326\workspace\Lib_FatFs_SD\Debug\libLib_FatFs_SD.a
LOAD C:\Users\Prototipado\Documents\LPCXpresso_7.6.2_326\workspace\LIB_GLCDgui\Debug\libLIB_GLCDgui.a
LOAD C:\Users\Prototipado\Documents\LPCXpresso_7.6.2_326\workspace\LIB_GLCDPrimitives\Debug\libLIB_GLCDPrimitives.a
LOAD C:\Users\Prototipado\Documents\LPCXpresso_7.6.2_326\workspace\Lib_GLCDLowLevel\Debug\libLib_GLCDLowLevel.a
LOAD C:\Users\Prototipado\Documents\LPCXpresso_7.6.2_326\workspace\lpc_chip_175x_6x\Debug\liblpc_chip_175x_6x.a
START GROUP
LOAD c:/nxp/lpcxpresso_7.6.2_326/lpcxpresso/tools/bin/../lib/gcc/arm-none-eabi/4.9.3/../../../../arm-none-eabi/lib/armv7-m\libcr_semihost.a
LOAD c:/nxp/lpcxpresso_7.6.2_326/lpcxpresso/tools/bin/../lib/gcc/arm-none-eabi/4.9.3/../../../../arm-none-eabi/lib/armv7-m\libcr_c.a
LOAD c:/nxp/lpcxpresso_7.6.2_326/lpcxpresso/tools/bin/../lib/gcc/arm-none-eabi/4.9.3/armv7-m\libcr_eabihelpers.a
END GROUP
                0x00080000                __top_MFlash512 = 0x80000
                0x10008000                __top_RamLoc32 = 0x10008000
                0x20084000                __top_RamAHB32 = 0x20084000

.text           0x00000000    0x10258
 FILL mask 0xff
                0x00000000                __vectors_start__ = ABSOLUTE (.)
 *(.isr_vector)
 .isr_vector    0x00000000       0xcc ./Application/cr_startup_lpc175x_6x.o
                0x00000000                g_pfnVectors
                0x000000cc                . = ALIGN (0x4)
                0x000000cc                __section_table_start = .
                0x000000cc                __data_section_table = .
                0x000000cc        0x4 LONG 0x10258 LOADADDR (.data)
                0x000000d0        0x4 LONG 0x10000000 ADDR (.data)
                0x000000d4        0x4 LONG 0x4c SIZEOF (.data)
                0x000000d8        0x4 LONG 0x10258 LOADADDR (.data_RAM2)
                0x000000dc        0x4 LONG 0x2007c000 ADDR (.data_RAM2)
                0x000000e0        0x4 LONG 0x0 SIZEOF (.data_RAM2)
                0x000000e4                __data_section_table_end = .
                0x000000e4                __bss_section_table = .
                0x000000e4        0x4 LONG 0x10000050 ADDR (.bss)
                0x000000e8        0x4 LONG 0x4b68 SIZEOF (.bss)
                0x000000ec        0x4 LONG 0x2007c000 ADDR (.bss_RAM2)
                0x000000f0        0x4 LONG 0x0 SIZEOF (.bss_RAM2)
                0x000000f4                __bss_section_table_end = .
                0x000000f4                __section_table_end = .
 *(.after_vectors*)
 .after_vectors
                0x000000f4      0x144 ./Application/cr_startup_lpc175x_6x.o
                0x000000f4                data_init
                0x00000138                bss_init
                0x00000170                ResetISR
                0x000001e8                NMI_Handler
                0x000001f0                HardFault_Handler
                0x000001f8                MemManage_Handler
                0x00000200                BusFault_Handler
                0x00000208                UsageFault_Handler
                0x00000218                DebugMon_Handler
                0x00000230                UART1_IRQHandler
                0x00000230                I2C1_IRQHandler
                0x00000230                TIMER3_IRQHandler
                0x00000230                UART0_IRQHandler
                0x00000230                USBActivity_IRQHandler
                0x00000230                CANActivity_IRQHandler
                0x00000230                EINT2_IRQHandler
                0x00000230                IntDefaultHandler
                0x00000230                PLL0_IRQHandler
                0x00000230                PLL1_IRQHandler
                0x00000230                I2C0_IRQHandler
                0x00000230                I2S_IRQHandler
                0x00000230                I2C2_IRQHandler
                0x00000230                RTC_IRQHandler
                0x00000230                TIMER0_IRQHandler
                0x00000230                SPI_IRQHandler
                0x00000230                RIT_IRQHandler
                0x00000230                EINT1_IRQHandler
                0x00000230                TIMER1_IRQHandler
                0x00000230                UART2_IRQHandler
                0x00000230                ADC_IRQHandler
                0x00000230                SSP1_IRQHandler
                0x00000230                USB_IRQHandler
                0x00000230                BOD_IRQHandler
                0x00000230                PWM1_IRQHandler
                0x00000230                WDT_IRQHandler
                0x00000230                QEI_IRQHandler
                0x00000230                EINT0_IRQHandler
                0x00000230                ETH_IRQHandler
                0x00000230                SSP0_IRQHandler
                0x00000230                DMA_IRQHandler
                0x00000230                TIMER2_IRQHandler
                0x00000230                MCPWM_IRQHandler
                0x000002fc                . = 0x2fc
 *fill*         0x00000238       0xc4 ff
                0x000002fc                PROVIDE (__CRP_WORD_START__, .)
 *(.crp)
 .crp           0x000002fc        0x4 ./Application/crp.o
                0x000002fc                CRP_WORD
                0x00000300                PROVIDE (__CRP_WORD_END__, .)
                0x00000001                ASSERT (! ((__CRP_WORD_START__ == __CRP_WORD_END__)), Linker CRP Enabled, but no CRP_WORD provided within application)
 *(.text*)
 .text.pvPortMalloc
                0x00000300      0x144 ./freertos/src/heap_2.o
                0x00000300                pvPortMalloc
 .text.vPortFree
                0x00000444       0x70 ./freertos/src/heap_2.o
                0x00000444                vPortFree
 .text.vListInitialise
                0x000004b4       0x40 ./freertos/src/list.o
                0x000004b4                vListInitialise
 .text.vListInitialiseItem
                0x000004f4       0x18 ./freertos/src/list.o
                0x000004f4                vListInitialiseItem
 .text.vListInsertEnd
                0x0000050c       0x48 ./freertos/src/list.o
                0x0000050c                vListInsertEnd
 .text.vListInsert
                0x00000554       0x70 ./freertos/src/list.o
                0x00000554                vListInsert
 .text.uxListRemove
                0x000005c4       0x54 ./freertos/src/list.o
                0x000005c4                uxListRemove
 .text.pxPortInitialiseStack
                0x00000618       0x58 ./freertos/src/port.o
                0x00000618                pxPortInitialiseStack
 .text.prvTaskExitError
                0x00000670        0xc ./freertos/src/port.o
 .text.SVC_Handler
                0x0000067c       0x20 ./freertos/src/port.o
                0x0000067c                SVC_Handler
 .text.prvPortStartFirstTask
                0x0000069c       0x14 ./freertos/src/port.o
 .text.xPortStartScheduler
                0x000006b0       0x38 ./freertos/src/port.o
                0x000006b0                xPortStartScheduler
 .text.vPortYield
                0x000006e8       0x20 ./freertos/src/port.o
                0x000006e8                vPortYield
 .text.vPortEnterCritical
                0x00000708       0x20 ./freertos/src/port.o
                0x00000708                vPortEnterCritical
 .text.vPortExitCritical
                0x00000728       0x24 ./freertos/src/port.o
                0x00000728                vPortExitCritical
 .text.ulPortSetInterruptMask
                0x0000074c       0x14 ./freertos/src/port.o
                0x0000074c                ulPortSetInterruptMask
 .text.vPortClearInterruptMask
                0x00000760        0x8 ./freertos/src/port.o
                0x00000760                vPortClearInterruptMask
 .text.PendSV_Handler
                0x00000768       0x3c ./freertos/src/port.o
                0x00000768                PendSV_Handler
 .text.SysTick_Handler
                0x000007a4       0x28 ./freertos/src/port.o
                0x000007a4                SysTick_Handler
 .text.vPortSuppressTicksAndSleep
                0x000007cc      0x158 ./freertos/src/port.o
                0x000007cc                vPortSuppressTicksAndSleep
 .text.vPortSetupTimerInterrupt
                0x00000924       0x78 ./freertos/src/port.o
                0x00000924                vPortSetupTimerInterrupt
 .text.xQueueGenericReset
                0x0000099c       0xa4 ./freertos/src/queue.o
                0x0000099c                xQueueGenericReset
 .text.xQueueGenericCreate
                0x00000a40       0x78 ./freertos/src/queue.o
                0x00000a40                xQueueGenericCreate
 .text.xQueueGenericSend
                0x00000ab8      0x118 ./freertos/src/queue.o
                0x00000ab8                xQueueGenericSend
 .text.xQueueGenericSendFromISR
                0x00000bd0       0x88 ./freertos/src/queue.o
                0x00000bd0                xQueueGenericSendFromISR
 .text.xQueueGenericReceive
                0x00000c58      0x170 ./freertos/src/queue.o
                0x00000c58                xQueueGenericReceive
 .text.prvCopyDataToQueue
                0x00000dc8       0xd0 ./freertos/src/queue.o
 .text.prvCopyDataFromQueue
                0x00000e98       0x4c ./freertos/src/queue.o
 .text.prvUnlockQueue
                0x00000ee4       0x98 ./freertos/src/queue.o
 .text.prvIsQueueEmpty
                0x00000f7c       0x2c ./freertos/src/queue.o
 .text.prvIsQueueFull
                0x00000fa8       0x30 ./freertos/src/queue.o
 .text.xTaskGenericCreate
                0x00000fd8      0x140 ./freertos/src/tasks.o
                0x00000fd8                xTaskGenericCreate
 .text.vTaskDelay
                0x00001118       0x50 ./freertos/src/tasks.o
                0x00001118                vTaskDelay
 .text.vTaskStartScheduler
                0x00001168       0x54 ./freertos/src/tasks.o
                0x00001168                vTaskStartScheduler
 .text.vTaskSuspendAll
                0x000011bc       0x1c ./freertos/src/tasks.o
                0x000011bc                vTaskSuspendAll
 .text.prvGetExpectedIdleTime
                0x000011d8       0x50 ./freertos/src/tasks.o
 .text.xTaskResumeAll
                0x00001228       0xfc ./freertos/src/tasks.o
                0x00001228                xTaskResumeAll
 .text.vTaskStepTick
                0x00001324       0x24 ./freertos/src/tasks.o
                0x00001324                vTaskStepTick
 .text.xTaskIncrementTick
                0x00001348      0x18c ./freertos/src/tasks.o
                0x00001348                xTaskIncrementTick
 .text.vTaskSwitchContext
                0x000014d4       0x98 ./freertos/src/tasks.o
                0x000014d4                vTaskSwitchContext
 .text.vTaskPlaceOnEventList
                0x0000156c       0x60 ./freertos/src/tasks.o
                0x0000156c                vTaskPlaceOnEventList
 .text.xTaskRemoveFromEventList
                0x000015cc       0xac ./freertos/src/tasks.o
                0x000015cc                xTaskRemoveFromEventList
 .text.vTaskSetTimeOutState
                0x00001678       0x2c ./freertos/src/tasks.o
                0x00001678                vTaskSetTimeOutState
 .text.xTaskCheckForTimeOut
                0x000016a4       0x88 ./freertos/src/tasks.o
                0x000016a4                xTaskCheckForTimeOut
 .text.vTaskMissedYield
                0x0000172c       0x18 ./freertos/src/tasks.o
                0x0000172c                vTaskMissedYield
 .text.prvIdleTask
                0x00001744       0x44 ./freertos/src/tasks.o
 .text.eTaskConfirmSleepModeStatus
                0x00001788       0x5c ./freertos/src/tasks.o
                0x00001788                eTaskConfirmSleepModeStatus
 .text.prvInitialiseTCBVariables
                0x000017e4       0x90 ./freertos/src/tasks.o
 .text.prvInitialiseTaskLists
                0x00001874       0x74 ./freertos/src/tasks.o
 .text.prvCheckTasksWaitingTermination
                0x000018e8        0xc ./freertos/src/tasks.o
 .text.prvAddCurrentTaskToDelayedList
                0x000018f4       0x6c ./freertos/src/tasks.o
 .text.prvAllocateTCBAndStack
                0x00001960       0x64 ./freertos/src/tasks.o
 .text.xTaskGetCurrentTaskHandle
                0x000019c4       0x20 ./freertos/src/tasks.o
                0x000019c4                xTaskGetCurrentTaskHandle
 .text.vTaskPriorityInherit
                0x000019e4       0xb4 ./freertos/src/tasks.o
                0x000019e4                vTaskPriorityInherit
 .text.vTaskPriorityDisinherit
                0x00001a98       0x7c ./freertos/src/tasks.o
                0x00001a98                vTaskPriorityDisinherit
 .text.vAcquiringTask
                0x00001b14       0x74 ./Modules/src/Acquirer.o
                0x00001b14                vAcquiringTask
 .text.AskForData
                0x00001b88       0x44 ./Modules/src/Acquirer.o
 .text.AskForSensors
                0x00001bcc       0x34 ./Modules/src/Acquirer.o
 .text.ClearInactiveSensors
                0x00001c00      0x110 ./Modules/src/Acquirer.o
 .text.vMonitoringTask
                0x00001d10       0x48 ./Modules/src/Analyzer.o
                0x00001d10                vMonitoringTask
 .text.Evaluate_Ranges
                0x00001d58      0x194 ./Modules/src/Analyzer.o
 .text.vStoringTask
                0x00001eec       0x4c ./Modules/src/Storer.o
                0x00001eec                vStoringTask
 .text.STR_InitDriver
                0x00001f38       0x14 ./Modules/src/Storer.o
                0x00001f38                STR_InitDriver
 .text.STR_WriteRecipe
                0x00001f4c       0xcc ./Modules/src/Storer.o
 .text.STR_WriteLabels
                0x00002018       0x10 ./Modules/src/Storer.o
 .text.STR_WriteHead
                0x00002028       0x48 ./Modules/src/Storer.o
 .text.STR_SaveData
                0x00002070      0x144 ./Modules/src/Storer.o
 .text.STR_NewFile
                0x000021b4      0x10c ./Modules/src/Storer.o
 .text.STR_RestoreFiles
                0x000022c0       0xac ./Modules/src/Storer.o
 .text.vTransmittingTask
                0x0000236c       0xb4 ./Modules/src/Transceiver.o
                0x0000236c                vTransmittingTask
 .text.TRX_Ticks
                0x00002420       0x34 ./Modules/src/Transceiver.o
                0x00002420                TRX_Ticks
 .text.TRX_InitDriver
                0x00002454        0xc ./Modules/src/Transceiver.o
                0x00002454                TRX_InitDriver
 .text.vScreeningTask
                0x00002460       0x64 ./Modules/src/UserIO.o
                0x00002460                vScreeningTask
 .text.UIO_InitDriver
                0x000024c4       0x10 ./Modules/src/UserIO.o
                0x000024c4                UIO_InitDriver
 .text.UIO_Ticks
                0x000024d4       0x28 ./Modules/src/UserIO.o
                0x000024d4                UIO_Ticks
 .text.vKeyListenerTask
                0x000024fc      0x26c ./Modules/src/UserIO.o
 .text.COMM_CreateSemaphores
                0x00002768      0x114 ./Drivers/src/Common.o
                0x00002768                COMM_CreateSemaphores
 .text.DSD_Ascii2Value
                0x0000287c       0x34 ./Drivers/src/DSD.o
 .text.DSD_RTC_TestReady
                0x000028b0       0x70 ./Drivers/src/DSD.o
 .text.DSD_RTC_GetCurrentDate
                0x00002920      0x1a0 ./Drivers/src/DSD.o
 .text.DSD_RTC_SetReady
                0x00002ac0       0x28 ./Drivers/src/DSD.o
 .text.DSD_String2Int
                0x00002ae8      0x148 ./Drivers/src/DSD.o
                0x00002ae8                DSD_String2Int
 .text.DSD_GetSavedFiles
                0x00002c30       0x3c ./Drivers/src/DSD.o
                0x00002c30                DSD_GetSavedFiles
 .text.DSD_RTC_Init
                0x00002c6c       0x60 ./Drivers/src/DSD.o
                0x00002c6c                DSD_RTC_Init
 .text.DSD_SD_Init
                0x00002ccc       0xb0 ./Drivers/src/DSD.o
                0x00002ccc                DSD_SD_Init
 .text.DSD_OpenFile
                0x00002d7c       0x48 ./Drivers/src/DSD.o
                0x00002d7c                DSD_OpenFile
 .text.DSD_CloseFile
                0x00002dc4       0x1c ./Drivers/src/DSD.o
                0x00002dc4                DSD_CloseFile
 .text.DSD_ReadFile
                0x00002de0       0x48 ./Drivers/src/DSD.o
                0x00002de0                DSD_ReadFile
 .text.DSD_WriteFile
                0x00002e28       0x30 ./Drivers/src/DSD.o
                0x00002e28                DSD_WriteFile
 .text.DSD_MoveCursor
                0x00002e58       0x64 ./Drivers/src/DSD.o
                0x00002e58                DSD_MoveCursor
 .text.DSD_TimeStamp
                0x00002ebc       0x60 ./Drivers/src/DSD.o
                0x00002ebc                DSD_TimeStamp
 .text.DSD_FileSize
                0x00002f1c       0x18 ./Drivers/src/DSD.o
                0x00002f1c                DSD_FileSize
 .text.DSP_CreateGUI
                0x00002f34      0x3b0 ./Drivers/src/Display.o
 .text.DSP_open
                0x000032e4       0x28 ./Drivers/src/Display.o
                0x000032e4                DSP_open
 .text.DSP_WriteSignal
                0x0000330c       0x64 ./Drivers/src/Display.o
                0x0000330c                DSP_WriteSignal
 .text.DSP_WriteSD
                0x00003370       0x44 ./Drivers/src/Display.o
                0x00003370                DSP_WriteSD
 .text.DSP_WriteEnvironmental
                0x000033b4      0x278 ./Drivers/src/Display.o
                0x000033b4                DSP_WriteEnvironmental
 .text.DSP_WriteAlarm
                0x0000362c       0xfc ./Drivers/src/Display.o
                0x0000362c                DSP_WriteAlarm
 .text.PutCharacter
                0x00003728      0x478 ./Drivers/src/Display.o
                0x00003728                PutCharacter
 .text.DSP_SaveLogin
                0x00003ba0      0x12c ./Drivers/src/Display.o
                0x00003ba0                DSP_SaveLogin
 .text.DSP_ChangeWindow
                0x00003ccc       0x18 ./Drivers/src/Display.o
                0x00003ccc                DSP_ChangeWindow
 .text.DSP_refresh
                0x00003ce4       0x10 ./Drivers/src/Display.o
                0x00003ce4                DSP_refresh
 .text.Chip_GPIO_SetPinState
                0x00003cf4       0x68 ./Drivers/src/GL865.o
 .text.Chip_UART_ReadByte
                0x00003d5c       0x1c ./Drivers/src/GL865.o
 .text.AsciiToValue
                0x00003d78       0x34 ./Drivers/src/GL865.o
 .text.GL865_ClearBuff
                0x00003dac       0x3c ./Drivers/src/GL865.o
 .text.GL865_GetsTimeout
                0x00003de8       0x7c ./Drivers/src/GL865.o
 .text.GL865_RequestModem
                0x00003e64       0x8c ./Drivers/src/GL865.o
 .text.GL865_IsWorking
                0x00003ef0       0x30 ./Drivers/src/GL865.o
                0x00003ef0                GL865_IsWorking
 .text.GL865_Reset
                0x00003f20       0x4c ./Drivers/src/GL865.o
                0x00003f20                GL865_Reset
 .text.GL865_Init
                0x00003f6c       0x60 ./Drivers/src/GL865.o
                0x00003f6c                GL865_Init
 .text.GL865_CheckNetwork
                0x00003fcc       0x48 ./Drivers/src/GL865.o
                0x00003fcc                GL865_CheckNetwork
 .text.GL865_CheckGPRS
                0x00004014       0x40 ./Drivers/src/GL865.o
                0x00004014                GL865_CheckGPRS
 .text.GL865_EscapeSequence
                0x00004054       0x40 ./Drivers/src/GL865.o
                0x00004054                GL865_EscapeSequence
 .text.GL865_GetSignal
                0x00004094       0x5c ./Drivers/src/GL865.o
                0x00004094                GL865_GetSignal
 .text.GL865_InitGPRS
                0x000040f0       0x50 ./Drivers/src/GL865.o
                0x000040f0                GL865_InitGPRS
 .text.GL865_EnableGPRS
                0x00004140       0x30 ./Drivers/src/GL865.o
                0x00004140                GL865_EnableGPRS
 .text.GL865_SetFileType
                0x00004170       0x30 ./Drivers/src/GL865.o
                0x00004170                GL865_SetFileType
 .text.GL865_CloseSocket
                0x000041a0       0x30 ./Drivers/src/GL865.o
                0x000041a0                GL865_CloseSocket
 .text.GL865_OpenFTP
                0x000041d0       0xe8 ./Drivers/src/GL865.o
                0x000041d0                GL865_OpenFTP
 .text.GL865_ChangeFolderFTP
                0x000042b8       0xd0 ./Drivers/src/GL865.o
                0x000042b8                GL865_ChangeFolderFTP
 .text.GL865_ConnectFTP
                0x00004388       0xe0 ./Drivers/src/GL865.o
                0x00004388                GL865_ConnectFTP
 .text.GL865_SendData
                0x00004468       0x34 ./Drivers/src/GL865.o
                0x00004468                GL865_SendData
 .text.GL865_Timerproc
                0x0000449c       0x2c ./Drivers/src/GL865.o
                0x0000449c                GL865_Timerproc
 .text.UART3_IRQHandler
                0x000044c8       0x4c ./Drivers/src/GL865.o
                0x000044c8                UART3_IRQHandler
 .text.Chip_GPIO_SetPinState
                0x00004514       0x68 ./Drivers/src/Keypad.o
 .text.Chip_GPIO_GetPinState
                0x0000457c       0x3c ./Drivers/src/Keypad.o
 .text.Chip_GPIOINT_GetStatusFalling
                0x000045b8       0x28 ./Drivers/src/Keypad.o
 .text.Chip_GPIOINT_ClearIntStatus
                0x000045e0       0x2c ./Drivers/src/Keypad.o
 .text.KEY_open
                0x0000460c       0x2c ./Drivers/src/Keypad.o
                0x0000460c                KEY_open
 .text.KEY_read
                0x00004638       0xb8 ./Drivers/src/Keypad.o
                0x00004638                KEY_read
 .text.Activate_Rows
                0x000046f0       0x38 ./Drivers/src/Keypad.o
 .text.Deactivate_Rows
                0x00004728       0x38 ./Drivers/src/Keypad.o
 .text.digitalWrite
                0x00004760       0x30 ./Drivers/src/Keypad.o
 .text.digitalRead
                0x00004790       0x40 ./Drivers/src/Keypad.o
 .text.EINT3_IRQHandler
                0x000047d0       0x68 ./Drivers/src/Keypad.o
                0x000047d0                EINT3_IRQHandler
 .text.MOD_TicksInput
                0x00004838        0xc ./Drivers/src/Modem.o
                0x00004838                MOD_TicksInput
 .text.MOD_Open
                0x00004844       0x18 ./Drivers/src/Modem.o
                0x00004844                MOD_Open
 .text.MOD_IsWorking
                0x0000485c       0x18 ./Drivers/src/Modem.o
                0x0000485c                MOD_IsWorking
 .text.MOD_Init
                0x00004874       0x24 ./Drivers/src/Modem.o
                0x00004874                MOD_Init
 .text.MOD_GetSignal
                0x00004898       0x1c ./Drivers/src/Modem.o
                0x00004898                MOD_GetSignal
 .text.MOD_OpenFTP
                0x000048b4       0x2c ./Drivers/src/Modem.o
                0x000048b4                MOD_OpenFTP
 .text.MOD_SearchFile
                0x000048e0      0x16c ./Drivers/src/Modem.o
                0x000048e0                MOD_SearchFile
 .text.MOD_LastFileSent
                0x00004a4c       0x44 ./Drivers/src/Modem.o
                0x00004a4c                MOD_LastFileSent
 .text.MOD_SendFile
                0x00004a90      0x150 ./Drivers/src/Modem.o
                0x00004a90                MOD_SendFile
 .text.MOD_Close
                0x00004be0        0xc ./Drivers/src/Modem.o
                0x00004be0                MOD_Close
 .text.Chip_CAN_GetStatus
                0x00004bec       0x18 ./Drivers/src/Sensor.o
 .text.Chip_CAN_GetIntStatus
                0x00004c04       0x18 ./Drivers/src/Sensor.o
 *fill*         0x00004c1c        0x4 
 .text.SNS_DataUnwrap
                0x00004c20      0x1f0 ./Drivers/src/Sensor.o
 .text.SNS_DescriptorUnwrap
                0x00004e10       0x48 ./Drivers/src/Sensor.o
 .text.SNS_write
                0x00004e58       0x88 ./Drivers/src/Sensor.o
                0x00004e58                SNS_write
 .text.CAN_IRQHandler
                0x00004ee0       0x5c ./Drivers/src/Sensor.o
                0x00004ee0                CAN_IRQHandler
 .text.vSnsHandlerTask
                0x00004f3c       0x98 ./Drivers/src/Sensor.o
                0x00004f3c                vSnsHandlerTask
 .text.ALARM_SetAlarm
                0x00004fd4       0x24 ./Data/src/Alarms.o
                0x00004fd4                ALARM_SetAlarm
 .text.ALARM_GetAlarm
                0x00004ff8       0x28 ./Data/src/Alarms.o
                0x00004ff8                ALARM_GetAlarm
 .text.ALARM_ResetAlarm
                0x00005020       0x20 ./Data/src/Alarms.o
                0x00005020                ALARM_ResetAlarm
 .text.ClearListItem
                0x00005040       0x74 ./Data/src/Descriptors.o
                0x00005040                ClearListItem
 .text.DSC_AddSensorToList
                0x000050b4       0x64 ./Data/src/Descriptors.o
                0x000050b4                DSC_AddSensorToList
 .text.DSC_ResetSensorsList
                0x00005118       0x44 ./Data/src/Descriptors.o
                0x00005118                DSC_ResetSensorsList
 .text.DSC_GetSensorFromList
                0x0000515c       0x58 ./Data/src/Descriptors.o
                0x0000515c                DSC_GetSensorFromList
 .text.DSC_RestoreList
                0x000051b4       0x24 ./Data/src/Descriptors.o
                0x000051b4                DSC_RestoreList
 .text.DSC_GetSensorListLength
                0x000051d8       0x18 ./Data/src/Descriptors.o
                0x000051d8                DSC_GetSensorListLength
 .text.ENV_SetCurrentEnvironmental
                0x000051f0       0x34 ./Data/src/Environmental.o
                0x000051f0                ENV_SetCurrentEnvironmental
 .text.ENV_GetCurrentEnvironmental
                0x00005224       0x34 ./Data/src/Environmental.o
                0x00005224                ENV_GetCurrentEnvironmental
 .text.GPRS_SetSignal
                0x00005258       0x58 ./Data/src/GPRS.o
                0x00005258                GPRS_SetSignal
 .text.GPRS_GetSignal
                0x000052b0       0x24 ./Data/src/GPRS.o
                0x000052b0                GPRS_GetSignal
 .text.RCP_Init
                0x000052d4       0x58 ./Data/src/Recipe.o
                0x000052d4                RCP_Init
 .text.RCP_AddRecipe
                0x0000532c       0x70 ./Data/src/Recipe.o
                0x0000532c                RCP_AddRecipe
 .text.RCP_GetRecipe
                0x0000539c       0x70 ./Data/src/Recipe.o
                0x0000539c                RCP_GetRecipe
 .text.SD_SetStatus
                0x0000540c       0x24 ./Data/src/SDcard.o
                0x0000540c                SD_SetStatus
 .text.SD_GetStatus
                0x00005430       0x24 ./Data/src/SDcard.o
                0x00005430                SD_GetStatus
 .text.NVIC_EnableIRQ
                0x00005454       0x30 ./Board/src/Board.o
 .text.NVIC_ClearPendingIRQ
                0x00005484       0x34 ./Board/src/Board.o
 .text.Chip_IOCON_Init
                0x000054b8       0x14 ./Board/src/Board.o
 .text.Chip_CAN_EnableInt
                0x000054cc       0x20 ./Board/src/Board.o
 .text.Chip_CAN_SetAFMode
                0x000054ec       0x1c ./Board/src/Board.o
 .text.Chip_GPIO_Init
                0x00005508       0x14 ./Board/src/Board.o
 .text.Chip_GPIO_SetPinState
                0x0000551c       0x68 ./Board/src/Board.o
 .text.Chip_GPIO_SetPinDIROutput
                0x00005584       0x38 ./Board/src/Board.o
 .text.Chip_GPIO_SetPinDIRInput
                0x000055bc       0x3c ./Board/src/Board.o
 .text.Chip_GPIOINT_SetIntFalling
                0x000055f8       0x2c ./Board/src/Board.o
 .text.Chip_SSP_Enable
                0x00005624       0x20 ./Board/src/Board.o
 .text.Chip_UART_IntEnable
                0x00005644       0x20 ./Board/src/Board.o
 .text.Chip_UART_ConfigData
                0x00005664       0x1c ./Board/src/Board.o
 .text.Chip_PWM_Enable
                0x00005680       0x2c ./Board/src/Board.o
 .text.Chip_PWM_PrescaleSet
                0x000056ac       0x1c ./Board/src/Board.o
 .text.Chip_PWM_SetMatch
                0x000056c8       0x7c ./Board/src/Board.o
 .text.Board_Init
                0x00005744       0x30 ./Board/src/Board.o
                0x00005744                Board_Init
 .text.Board_LCD_Init
                0x00005774       0x1c ./Board/src/Board.o
 .text.Board_PWM_Init
                0x00005790       0x58 ./Board/src/Board.o
 .text.Board_Keypad_Init
                0x000057e8       0x80 ./Board/src/Board.o
 .text.Board_SD_Init
                0x00005868       0x5c ./Board/src/Board.o
 .text.Board_Modem_Init
                0x000058c4       0x68 ./Board/src/Board.o
 .text.Board_CAN_PORT_Init
                0x0000592c       0x48 ./Board/src/Board.o
 .text.Board_SSP_Init
                0x00005974       0xa0 ./Board/src/Board.o
 .text.Board_UART_Init
                0x00005a14       0x98 ./Board/src/Board.o
 .text.Board_CAN_Init
                0x00005aac       0x88 ./Board/src/Board.o
 .text.prvSetupHardware
                0x00005b34        0xc ./Application/STGAA+RTOS.o
 .text.vTimerTask
                0x00005b40       0x18 ./Application/STGAA+RTOS.o
 .text.main     0x00005b58      0x114 ./Application/STGAA+RTOS.o
                0x00005b58                main
 .text.SystemInit
                0x00005c6c       0x24 ./Application/sysinit.o
                0x00005c6c                SystemInit
 .text.mem_cpy  0x00005c90       0x3c C:\Users\Prototipado\Documents\LPCXpresso_7.6.2_326\workspace\Lib_FatFs_SD\Debug\libLib_FatFs_SD.a(ff.o)
 .text.mem_set  0x00005ccc       0x34 C:\Users\Prototipado\Documents\LPCXpresso_7.6.2_326\workspace\Lib_FatFs_SD\Debug\libLib_FatFs_SD.a(ff.o)
 .text.mem_cmp  0x00005d00       0x50 C:\Users\Prototipado\Documents\LPCXpresso_7.6.2_326\workspace\Lib_FatFs_SD\Debug\libLib_FatFs_SD.a(ff.o)
 .text.chk_chr  0x00005d50       0x38 C:\Users\Prototipado\Documents\LPCXpresso_7.6.2_326\workspace\Lib_FatFs_SD\Debug\libLib_FatFs_SD.a(ff.o)
 .text.move_window
                0x00005d88       0xbc C:\Users\Prototipado\Documents\LPCXpresso_7.6.2_326\workspace\Lib_FatFs_SD\Debug\libLib_FatFs_SD.a(ff.o)
 .text.sync     0x00005e44      0x14c C:\Users\Prototipado\Documents\LPCXpresso_7.6.2_326\workspace\Lib_FatFs_SD\Debug\libLib_FatFs_SD.a(ff.o)
 .text.get_fat  0x00005f90      0x18c C:\Users\Prototipado\Documents\LPCXpresso_7.6.2_326\workspace\Lib_FatFs_SD\Debug\libLib_FatFs_SD.a(ff.o)
                0x00005f90                get_fat
 .text.put_fat  0x0000611c      0x208 C:\Users\Prototipado\Documents\LPCXpresso_7.6.2_326\workspace\Lib_FatFs_SD\Debug\libLib_FatFs_SD.a(ff.o)
                0x0000611c                put_fat
 .text.remove_chain
                0x00006324       0x9c C:\Users\Prototipado\Documents\LPCXpresso_7.6.2_326\workspace\Lib_FatFs_SD\Debug\libLib_FatFs_SD.a(ff.o)
 .text.create_chain
                0x000063c0      0x108 C:\Users\Prototipado\Documents\LPCXpresso_7.6.2_326\workspace\Lib_FatFs_SD\Debug\libLib_FatFs_SD.a(ff.o)
 .text.clust2sect
                0x000064c8       0x40 C:\Users\Prototipado\Documents\LPCXpresso_7.6.2_326\workspace\Lib_FatFs_SD\Debug\libLib_FatFs_SD.a(ff.o)
                0x000064c8                clust2sect
 .text.dir_seek
                0x00006508      0x104 C:\Users\Prototipado\Documents\LPCXpresso_7.6.2_326\workspace\Lib_FatFs_SD\Debug\libLib_FatFs_SD.a(ff.o)
 .text.dir_next
                0x0000660c      0x1a8 C:\Users\Prototipado\Documents\LPCXpresso_7.6.2_326\workspace\Lib_FatFs_SD\Debug\libLib_FatFs_SD.a(ff.o)
 .text.ff_convert
                0x000067b4       0x74 C:\Users\Prototipado\Documents\LPCXpresso_7.6.2_326\workspace\Lib_FatFs_SD\Debug\libLib_FatFs_SD.a(ff.o)
                0x000067b4                ff_convert
 .text.ff_wtoupper
                0x00006828       0x5c C:\Users\Prototipado\Documents\LPCXpresso_7.6.2_326\workspace\Lib_FatFs_SD\Debug\libLib_FatFs_SD.a(ff.o)
                0x00006828                ff_wtoupper
 .text.cmp_lfn  0x00006884       0xdc C:\Users\Prototipado\Documents\LPCXpresso_7.6.2_326\workspace\Lib_FatFs_SD\Debug\libLib_FatFs_SD.a(ff.o)
 .text.fit_lfn  0x00006960       0xe8 C:\Users\Prototipado\Documents\LPCXpresso_7.6.2_326\workspace\Lib_FatFs_SD\Debug\libLib_FatFs_SD.a(ff.o)
 .text.gen_numname
                0x00006a48       0xe8 C:\Users\Prototipado\Documents\LPCXpresso_7.6.2_326\workspace\Lib_FatFs_SD\Debug\libLib_FatFs_SD.a(ff.o)
                0x00006a48                gen_numname
 .text.sum_sfn  0x00006b30       0x44 C:\Users\Prototipado\Documents\LPCXpresso_7.6.2_326\workspace\Lib_FatFs_SD\Debug\libLib_FatFs_SD.a(ff.o)
 .text.dir_find
                0x00006b74      0x150 C:\Users\Prototipado\Documents\LPCXpresso_7.6.2_326\workspace\Lib_FatFs_SD\Debug\libLib_FatFs_SD.a(ff.o)
 .text.dir_register
                0x00006cc4      0x26c C:\Users\Prototipado\Documents\LPCXpresso_7.6.2_326\workspace\Lib_FatFs_SD\Debug\libLib_FatFs_SD.a(ff.o)
 .text.create_name
                0x00006f30      0x348 C:\Users\Prototipado\Documents\LPCXpresso_7.6.2_326\workspace\Lib_FatFs_SD\Debug\libLib_FatFs_SD.a(ff.o)
 .text.follow_path
                0x00007278       0xf4 C:\Users\Prototipado\Documents\LPCXpresso_7.6.2_326\workspace\Lib_FatFs_SD\Debug\libLib_FatFs_SD.a(ff.o)
 .text.check_fs
                0x0000736c       0xc0 C:\Users\Prototipado\Documents\LPCXpresso_7.6.2_326\workspace\Lib_FatFs_SD\Debug\libLib_FatFs_SD.a(ff.o)
 .text.chk_mounted
                0x0000742c      0x47c C:\Users\Prototipado\Documents\LPCXpresso_7.6.2_326\workspace\Lib_FatFs_SD\Debug\libLib_FatFs_SD.a(ff.o)
                0x0000742c                chk_mounted
 .text.validate
                0x000078a8       0x4c C:\Users\Prototipado\Documents\LPCXpresso_7.6.2_326\workspace\Lib_FatFs_SD\Debug\libLib_FatFs_SD.a(ff.o)
 .text.f_mount  0x000078f4       0x54 C:\Users\Prototipado\Documents\LPCXpresso_7.6.2_326\workspace\Lib_FatFs_SD\Debug\libLib_FatFs_SD.a(ff.o)
                0x000078f4                f_mount
 .text.f_open   0x00007948      0x2fc C:\Users\Prototipado\Documents\LPCXpresso_7.6.2_326\workspace\Lib_FatFs_SD\Debug\libLib_FatFs_SD.a(ff.o)
                0x00007948                f_open
 .text.f_read   0x00007c44      0x284 C:\Users\Prototipado\Documents\LPCXpresso_7.6.2_326\workspace\Lib_FatFs_SD\Debug\libLib_FatFs_SD.a(ff.o)
                0x00007c44                f_read
 .text.f_write  0x00007ec8      0x330 C:\Users\Prototipado\Documents\LPCXpresso_7.6.2_326\workspace\Lib_FatFs_SD\Debug\libLib_FatFs_SD.a(ff.o)
                0x00007ec8                f_write
 .text.f_sync   0x000081f8      0x144 C:\Users\Prototipado\Documents\LPCXpresso_7.6.2_326\workspace\Lib_FatFs_SD\Debug\libLib_FatFs_SD.a(ff.o)
                0x000081f8                f_sync
 .text.f_close  0x0000833c       0x28 C:\Users\Prototipado\Documents\LPCXpresso_7.6.2_326\workspace\Lib_FatFs_SD\Debug\libLib_FatFs_SD.a(ff.o)
                0x0000833c                f_close
 .text.f_lseek  0x00008364      0x254 C:\Users\Prototipado\Documents\LPCXpresso_7.6.2_326\workspace\Lib_FatFs_SD\Debug\libLib_FatFs_SD.a(ff.o)
                0x00008364                f_lseek
 .text.f_putc   0x000085b8       0x54 C:\Users\Prototipado\Documents\LPCXpresso_7.6.2_326\workspace\Lib_FatFs_SD\Debug\libLib_FatFs_SD.a(ff.o)
                0x000085b8                f_putc
 .text.f_puts   0x0000860c       0x48 C:\Users\Prototipado\Documents\LPCXpresso_7.6.2_326\workspace\Lib_FatFs_SD\Debug\libLib_FatFs_SD.a(ff.o)
                0x0000860c                f_puts
 .text.f_printf
                0x00008654      0x2b4 C:\Users\Prototipado\Documents\LPCXpresso_7.6.2_326\workspace\Lib_FatFs_SD\Debug\libLib_FatFs_SD.a(ff.o)
                0x00008654                f_printf
 .text.Chip_GPIO_SetPinState
                0x00008908       0x68 C:\Users\Prototipado\Documents\LPCXpresso_7.6.2_326\workspace\Lib_FatFs_SD\Debug\libLib_FatFs_SD.a(mmc.o)
 .text.SSPSend  0x00008970       0x20 C:\Users\Prototipado\Documents\LPCXpresso_7.6.2_326\workspace\Lib_FatFs_SD\Debug\libLib_FatFs_SD.a(mmc.o)
 .text.SSPReceive
                0x00008990       0x20 C:\Users\Prototipado\Documents\LPCXpresso_7.6.2_326\workspace\Lib_FatFs_SD\Debug\libLib_FatFs_SD.a(mmc.o)
                0x00008990                SSPReceive
 .text.xmit_spi
                0x000089b0       0x1c C:\Users\Prototipado\Documents\LPCXpresso_7.6.2_326\workspace\Lib_FatFs_SD\Debug\libLib_FatFs_SD.a(mmc.o)
 .text.rcvr_spi
                0x000089cc       0x20 C:\Users\Prototipado\Documents\LPCXpresso_7.6.2_326\workspace\Lib_FatFs_SD\Debug\libLib_FatFs_SD.a(mmc.o)
 .text.wait_ready
                0x000089ec       0x38 C:\Users\Prototipado\Documents\LPCXpresso_7.6.2_326\workspace\Lib_FatFs_SD\Debug\libLib_FatFs_SD.a(mmc.o)
 .text.deselect
                0x00008a24       0x1c C:\Users\Prototipado\Documents\LPCXpresso_7.6.2_326\workspace\Lib_FatFs_SD\Debug\libLib_FatFs_SD.a(mmc.o)
 .text.select   0x00008a40       0x2c C:\Users\Prototipado\Documents\LPCXpresso_7.6.2_326\workspace\Lib_FatFs_SD\Debug\libLib_FatFs_SD.a(mmc.o)
 .text.power_on
                0x00008a6c        0xc C:\Users\Prototipado\Documents\LPCXpresso_7.6.2_326\workspace\Lib_FatFs_SD\Debug\libLib_FatFs_SD.a(mmc.o)
 .text.power_off
                0x00008a78        0xc C:\Users\Prototipado\Documents\LPCXpresso_7.6.2_326\workspace\Lib_FatFs_SD\Debug\libLib_FatFs_SD.a(mmc.o)
 .text.chk_power
                0x00008a84       0x10 C:\Users\Prototipado\Documents\LPCXpresso_7.6.2_326\workspace\Lib_FatFs_SD\Debug\libLib_FatFs_SD.a(mmc.o)
 .text.rcvr_datablock
                0x00008a94       0x8c C:\Users\Prototipado\Documents\LPCXpresso_7.6.2_326\workspace\Lib_FatFs_SD\Debug\libLib_FatFs_SD.a(mmc.o)
 .text.xmit_datablock
                0x00008b20       0x80 C:\Users\Prototipado\Documents\LPCXpresso_7.6.2_326\workspace\Lib_FatFs_SD\Debug\libLib_FatFs_SD.a(mmc.o)
 .text.send_cmd
                0x00008ba0       0xd0 C:\Users\Prototipado\Documents\LPCXpresso_7.6.2_326\workspace\Lib_FatFs_SD\Debug\libLib_FatFs_SD.a(mmc.o)
 .text.disk_initialize
                0x00008c70      0x1a8 C:\Users\Prototipado\Documents\LPCXpresso_7.6.2_326\workspace\Lib_FatFs_SD\Debug\libLib_FatFs_SD.a(mmc.o)
                0x00008c70                disk_initialize
 .text.disk_status
                0x00008e18       0x2c C:\Users\Prototipado\Documents\LPCXpresso_7.6.2_326\workspace\Lib_FatFs_SD\Debug\libLib_FatFs_SD.a(mmc.o)
                0x00008e18                disk_status
 .text.disk_read
                0x00008e44       0xd0 C:\Users\Prototipado\Documents\LPCXpresso_7.6.2_326\workspace\Lib_FatFs_SD\Debug\libLib_FatFs_SD.a(mmc.o)
                0x00008e44                disk_read
 .text.disk_write
                0x00008f14       0xfc C:\Users\Prototipado\Documents\LPCXpresso_7.6.2_326\workspace\Lib_FatFs_SD\Debug\libLib_FatFs_SD.a(mmc.o)
                0x00008f14                disk_write
 .text.disk_ioctl
                0x00009010      0x384 C:\Users\Prototipado\Documents\LPCXpresso_7.6.2_326\workspace\Lib_FatFs_SD\Debug\libLib_FatFs_SD.a(mmc.o)
                0x00009010                disk_ioctl
 .text.get_fattime
                0x00009394       0x10 C:\Users\Prototipado\Documents\LPCXpresso_7.6.2_326\workspace\Lib_FatFs_SD\Debug\libLib_FatFs_SD.a(FatFS_support.o)
                0x00009394                get_fattime
 .text.GUI_StartLibrary
                0x000093a4       0x20 C:\Users\Prototipado\Documents\LPCXpresso_7.6.2_326\workspace\LIB_GLCDgui\Debug\libLIB_GLCDgui.a(GLCDgui.o)
                0x000093a4                GUI_StartLibrary
 .text.GUI_DefineHeapMalloc
                0x000093c4       0x1c C:\Users\Prototipado\Documents\LPCXpresso_7.6.2_326\workspace\LIB_GLCDgui\Debug\libLIB_GLCDgui.a(GLCDgui.o)
                0x000093c4                GUI_DefineHeapMalloc
 .text.GUI_DefineHeapFree
                0x000093e0       0x1c C:\Users\Prototipado\Documents\LPCXpresso_7.6.2_326\workspace\LIB_GLCDgui\Debug\libLIB_GLCDgui.a(GLCDgui.o)
                0x000093e0                GUI_DefineHeapFree
 .text.GUI_Malloc
                0x000093fc       0x20 C:\Users\Prototipado\Documents\LPCXpresso_7.6.2_326\workspace\LIB_GLCDgui\Debug\libLIB_GLCDgui.a(GLCDgui.o)
                0x000093fc                GUI_Malloc
 .text.List_Init
                0x0000941c       0x24 C:\Users\Prototipado\Documents\LPCXpresso_7.6.2_326\workspace\LIB_GLCDgui\Debug\libLIB_GLCDgui.a(list.o)
                0x0000941c                List_Init
 .text.List_AddNode
                0x00009440       0x6c C:\Users\Prototipado\Documents\LPCXpresso_7.6.2_326\workspace\LIB_GLCDgui\Debug\libLIB_GLCDgui.a(list.o)
                0x00009440                List_AddNode
 .text.List_SearchNode
                0x000094ac       0x3c C:\Users\Prototipado\Documents\LPCXpresso_7.6.2_326\workspace\LIB_GLCDgui\Debug\libLIB_GLCDgui.a(list.o)
                0x000094ac                List_SearchNode
 .text.GUI_Picture_Create
                0x000094e8       0xc8 C:\Users\Prototipado\Documents\LPCXpresso_7.6.2_326\workspace\LIB_GLCDgui\Debug\libLIB_GLCDgui.a(picture.o)
                0x000094e8                GUI_Picture_Create
 .text.GUI_Picture_Draw
                0x000095b0       0x28 C:\Users\Prototipado\Documents\LPCXpresso_7.6.2_326\workspace\LIB_GLCDgui\Debug\libLIB_GLCDgui.a(picture.o)
                0x000095b0                GUI_Picture_Draw
 .text.GUI_Text_Create
                0x000095d8       0xe0 C:\Users\Prototipado\Documents\LPCXpresso_7.6.2_326\workspace\LIB_GLCDgui\Debug\libLIB_GLCDgui.a(text.o)
                0x000095d8                GUI_Text_Create
 .text.GUI_Text_Draw
                0x000096b8       0x3c C:\Users\Prototipado\Documents\LPCXpresso_7.6.2_326\workspace\LIB_GLCDgui\Debug\libLIB_GLCDgui.a(text.o)
                0x000096b8                GUI_Text_Draw
 .text.GUI_Window_Create
                0x000096f4       0x9c C:\Users\Prototipado\Documents\LPCXpresso_7.6.2_326\workspace\LIB_GLCDgui\Debug\libLIB_GLCDgui.a(windows.o)
                0x000096f4                GUI_Window_Create
 .text.GUI_Window_Draw
                0x00009790      0x188 C:\Users\Prototipado\Documents\LPCXpresso_7.6.2_326\workspace\LIB_GLCDgui\Debug\libLIB_GLCDgui.a(windows.o)
                0x00009790                GUI_Window_Draw
 .text.GUI_Window_RedrowActiveWindow
                0x00009918       0x18 C:\Users\Prototipado\Documents\LPCXpresso_7.6.2_326\workspace\LIB_GLCDgui\Debug\libLIB_GLCDgui.a(windows.o)
                0x00009918                GUI_Window_RedrowActiveWindow
 .text.GUI_Window_SearchObject
                0x00009930       0x7c C:\Users\Prototipado\Documents\LPCXpresso_7.6.2_326\workspace\LIB_GLCDgui\Debug\libLIB_GLCDgui.a(windows.o)
                0x00009930                GUI_Window_SearchObject
 .text.GUI_DrawObject
                0x000099ac       0x64 C:\Users\Prototipado\Documents\LPCXpresso_7.6.2_326\workspace\LIB_GLCDgui\Debug\libLIB_GLCDgui.a(object.o)
                0x000099ac                GUI_DrawObject
 .text.GUI_TextSlider_Draw
                0x00009a10       0xb0 C:\Users\Prototipado\Documents\LPCXpresso_7.6.2_326\workspace\LIB_GLCDgui\Debug\libLIB_GLCDgui.a(textSlider.o)
                0x00009a10                GUI_TextSlider_Draw
 .text.GUI_Button_Draw
                0x00009ac0       0xac C:\Users\Prototipado\Documents\LPCXpresso_7.6.2_326\workspace\LIB_GLCDgui\Debug\libLIB_GLCDgui.a(button.o)
                0x00009ac0                GUI_Button_Draw
 .text.FontRead
                0x00009b6c       0x18 C:\Users\Prototipado\Documents\LPCXpresso_7.6.2_326\workspace\LIB_GLCDPrimitives\Debug\libLIB_GLCDPrimitives.a(GLCDFonts.o)
                0x00009b6c                FontRead
 .text.GLCD_SelectFont
                0x00009b84       0x2c C:\Users\Prototipado\Documents\LPCXpresso_7.6.2_326\workspace\LIB_GLCDPrimitives\Debug\libLIB_GLCDPrimitives.a(GLCDFonts.o)
                0x00009b84                GLCD_SelectFont
 .text.GLCD_FreePuts
                0x00009bb0       0x74 C:\Users\Prototipado\Documents\LPCXpresso_7.6.2_326\workspace\LIB_GLCDPrimitives\Debug\libLIB_GLCDPrimitives.a(GLCDFonts.o)
                0x00009bb0                GLCD_FreePuts
 .text.GLCD_FreePutChar
                0x00009c24      0x464 C:\Users\Prototipado\Documents\LPCXpresso_7.6.2_326\workspace\LIB_GLCDPrimitives\Debug\libLIB_GLCDPrimitives.a(GLCDFonts.o)
                0x00009c24                GLCD_FreePutChar
 .text.GLCD_CursorFreeTo
                0x0000a088       0x2c C:\Users\Prototipado\Documents\LPCXpresso_7.6.2_326\workspace\LIB_GLCDPrimitives\Debug\libLIB_GLCDPrimitives.a(GLCDFonts.o)
                0x0000a088                GLCD_CursorFreeTo
 .text.SetPage  0x0000a0b4       0x40 C:\Users\Prototipado\Documents\LPCXpresso_7.6.2_326\workspace\LIB_GLCDPrimitives\Debug\libLIB_GLCDPrimitives.a(GLCDPrimitives.o)
                0x0000a0b4                SetPage
 .text.GLCDPrimitives_ClearScreen
                0x0000a0f4       0x5c C:\Users\Prototipado\Documents\LPCXpresso_7.6.2_326\workspace\LIB_GLCDPrimitives\Debug\libLIB_GLCDPrimitives.a(GLCDPrimitives.o)
                0x0000a0f4                GLCDPrimitives_ClearScreen
 .text.GLCDPrimitives_DrawBitmap
                0x0000a150       0xb8 C:\Users\Prototipado\Documents\LPCXpresso_7.6.2_326\workspace\LIB_GLCDPrimitives\Debug\libLIB_GLCDPrimitives.a(GLCDPrimitives.o)
                0x0000a150                GLCDPrimitives_DrawBitmap
 .text.GLCDPrimitives_DrawLine
                0x0000a208      0x304 C:\Users\Prototipado\Documents\LPCXpresso_7.6.2_326\workspace\LIB_GLCDPrimitives\Debug\libLIB_GLCDPrimitives.a(GLCDPrimitives.o)
                0x0000a208                GLCDPrimitives_DrawLine
 .text.GLCDPrimitives_FillRect
                0x0000a50c      0x208 C:\Users\Prototipado\Documents\LPCXpresso_7.6.2_326\workspace\LIB_GLCDPrimitives\Debug\libLIB_GLCDPrimitives.a(GLCDPrimitives.o)
                0x0000a50c                GLCDPrimitives_FillRect
 .text.SendData
                0x0000a714       0xb4 C:\Users\Prototipado\Documents\LPCXpresso_7.6.2_326\workspace\Lib_GLCDLowLevel\Debug\libLib_GLCDLowLevel.a(GLCDLowLevel.o)
 .text.GLCDLowLevel_Init
                0x0000a7c8       0xa4 C:\Users\Prototipado\Documents\LPCXpresso_7.6.2_326\workspace\Lib_GLCDLowLevel\Debug\libLib_GLCDLowLevel.a(GLCDLowLevel.o)
                0x0000a7c8                GLCDLowLevel_Init
 .text.GLCDLowLevel_SwapBuffer
                0x0000a86c       0xa0 C:\Users\Prototipado\Documents\LPCXpresso_7.6.2_326\workspace\Lib_GLCDLowLevel\Debug\libLib_GLCDLowLevel.a(GLCDLowLevel.o)
                0x0000a86c                GLCDLowLevel_SwapBuffer
 .text.Chip_GPIO_SetPinState
                0x0000a90c       0x68 C:\Users\Prototipado\Documents\LPCXpresso_7.6.2_326\workspace\Lib_GLCDLowLevel\Debug\libLib_GLCDLowLevel.a(MicroInterface.o)
 .text.Chip_GPIO_SetPinDIROutput
                0x0000a974       0x38 C:\Users\Prototipado\Documents\LPCXpresso_7.6.2_326\workspace\Lib_GLCDLowLevel\Debug\libLib_GLCDLowLevel.a(MicroInterface.o)
 .text.Chip_GPIO_SetPortOutHigh
                0x0000a9ac       0x24 C:\Users\Prototipado\Documents\LPCXpresso_7.6.2_326\workspace\Lib_GLCDLowLevel\Debug\libLib_GLCDLowLevel.a(MicroInterface.o)
 .text.Chip_GPIO_SetPortOutLow
                0x0000a9d0       0x24 C:\Users\Prototipado\Documents\LPCXpresso_7.6.2_326\workspace\Lib_GLCDLowLevel\Debug\libLib_GLCDLowLevel.a(MicroInterface.o)
 .text.MicroInterface_Init
                0x0000a9f4       0x98 C:\Users\Prototipado\Documents\LPCXpresso_7.6.2_326\workspace\Lib_GLCDLowLevel\Debug\libLib_GLCDLowLevel.a(MicroInterface.o)
                0x0000a9f4                MicroInterface_Init
 .text.MicroInterface_Bit_WriteLow
                0x0000aa8c       0x2c C:\Users\Prototipado\Documents\LPCXpresso_7.6.2_326\workspace\Lib_GLCDLowLevel\Debug\libLib_GLCDLowLevel.a(MicroInterface.o)
                0x0000aa8c                MicroInterface_Bit_WriteLow
 .text.MicroInterface_Bit_WriteHigh
                0x0000aab8       0x2c C:\Users\Prototipado\Documents\LPCXpresso_7.6.2_326\workspace\Lib_GLCDLowLevel\Debug\libLib_GLCDLowLevel.a(MicroInterface.o)
                0x0000aab8                MicroInterface_Bit_WriteHigh
 .text.MicroInterface_Byte_WriteData
                0x0000aae4       0x74 C:\Users\Prototipado\Documents\LPCXpresso_7.6.2_326\workspace\Lib_GLCDLowLevel\Debug\libLib_GLCDLowLevel.a(MicroInterface.o)
                0x0000aae4                MicroInterface_Byte_WriteData
 .text.reverse_bits_recursive
                0x0000ab58       0x6c C:\Users\Prototipado\Documents\LPCXpresso_7.6.2_326\workspace\Lib_GLCDLowLevel\Debug\libLib_GLCDLowLevel.a(MicroInterface.o)
 .text.Chip_CAN_SetCmd
                0x0000abc4       0x1c C:\Users\Prototipado\Documents\LPCXpresso_7.6.2_326\workspace\lpc_chip_175x_6x\Debug\liblpc_chip_175x_6x.a(can_17xx_40xx.o)
 .text.Chip_CAN_GetStatus
                0x0000abe0       0x18 C:\Users\Prototipado\Documents\LPCXpresso_7.6.2_326\workspace\lpc_chip_175x_6x\Debug\liblpc_chip_175x_6x.a(can_17xx_40xx.o)
 .text.Chip_CAN_GetMode
                0x0000abf8       0x20 C:\Users\Prototipado\Documents\LPCXpresso_7.6.2_326\workspace\lpc_chip_175x_6x\Debug\liblpc_chip_175x_6x.a(can_17xx_40xx.o)
 .text.Chip_CAN_SetAFMode
                0x0000ac18       0x1c C:\Users\Prototipado\Documents\LPCXpresso_7.6.2_326\workspace\lpc_chip_175x_6x\Debug\liblpc_chip_175x_6x.a(can_17xx_40xx.o)
 .text.Chip_CAN_GetAFMode
                0x0000ac34       0x1c C:\Users\Prototipado\Documents\LPCXpresso_7.6.2_326\workspace\lpc_chip_175x_6x\Debug\liblpc_chip_175x_6x.a(can_17xx_40xx.o)
 .text.setBusTiming
                0x0000ac50       0x68 C:\Users\Prototipado\Documents\LPCXpresso_7.6.2_326\workspace\lpc_chip_175x_6x\Debug\liblpc_chip_175x_6x.a(can_17xx_40xx.o)
 .text.setSectionEndAddress
                0x0000acb8       0x30 C:\Users\Prototipado\Documents\LPCXpresso_7.6.2_326\workspace\lpc_chip_175x_6x\Debug\liblpc_chip_175x_6x.a(can_17xx_40xx.o)
 .text.getReceiveFrameInfo
                0x0000ace8       0x34 C:\Users\Prototipado\Documents\LPCXpresso_7.6.2_326\workspace\lpc_chip_175x_6x\Debug\liblpc_chip_175x_6x.a(can_17xx_40xx.o)
 .text.setSendFrameInfo
                0x0000ad1c       0x2c C:\Users\Prototipado\Documents\LPCXpresso_7.6.2_326\workspace\lpc_chip_175x_6x\Debug\liblpc_chip_175x_6x.a(can_17xx_40xx.o)
 .text.clearAFLUT
                0x0000ad48       0x80 C:\Users\Prototipado\Documents\LPCXpresso_7.6.2_326\workspace\lpc_chip_175x_6x\Debug\liblpc_chip_175x_6x.a(can_17xx_40xx.o)
                0x0000ad48                clearAFLUT
 .text.Chip_CAN_GetClockIndex
                0x0000adc8       0x2c C:\Users\Prototipado\Documents\LPCXpresso_7.6.2_326\workspace\lpc_chip_175x_6x\Debug\liblpc_chip_175x_6x.a(can_17xx_40xx.o)
 .text.Chip_CAN_GetClkIndex
                0x0000adf4       0x2c C:\Users\Prototipado\Documents\LPCXpresso_7.6.2_326\workspace\lpc_chip_175x_6x\Debug\liblpc_chip_175x_6x.a(can_17xx_40xx.o)
 .text.Chip_CAN_Init
                0x0000ae20       0x5c C:\Users\Prototipado\Documents\LPCXpresso_7.6.2_326\workspace\lpc_chip_175x_6x\Debug\liblpc_chip_175x_6x.a(can_17xx_40xx.o)
                0x0000ae20                Chip_CAN_Init
 .text.Chip_CAN_SetBitRate
                0x0000ae7c       0xd0 C:\Users\Prototipado\Documents\LPCXpresso_7.6.2_326\workspace\lpc_chip_175x_6x\Debug\liblpc_chip_175x_6x.a(can_17xx_40xx.o)
                0x0000ae7c                Chip_CAN_SetBitRate
 .text.Chip_CAN_SetMode
                0x0000af4c       0x94 C:\Users\Prototipado\Documents\LPCXpresso_7.6.2_326\workspace\lpc_chip_175x_6x\Debug\liblpc_chip_175x_6x.a(can_17xx_40xx.o)
                0x0000af4c                Chip_CAN_SetMode
 .text.Chip_CAN_GetFreeTxBuf
                0x0000afe0       0x44 C:\Users\Prototipado\Documents\LPCXpresso_7.6.2_326\workspace\lpc_chip_175x_6x\Debug\liblpc_chip_175x_6x.a(can_17xx_40xx.o)
                0x0000afe0                Chip_CAN_GetFreeTxBuf
 .text.Chip_CAN_Send
                0x0000b024      0x130 C:\Users\Prototipado\Documents\LPCXpresso_7.6.2_326\workspace\lpc_chip_175x_6x\Debug\liblpc_chip_175x_6x.a(can_17xx_40xx.o)
                0x0000b024                Chip_CAN_Send
 .text.Chip_CAN_Receive
                0x0000b154       0xe4 C:\Users\Prototipado\Documents\LPCXpresso_7.6.2_326\workspace\lpc_chip_175x_6x\Debug\liblpc_chip_175x_6x.a(can_17xx_40xx.o)
                0x0000b154                Chip_CAN_Receive
 .text.SystemCoreClockUpdate
                0x0000b238       0x14 C:\Users\Prototipado\Documents\LPCXpresso_7.6.2_326\workspace\lpc_chip_175x_6x\Debug\liblpc_chip_175x_6x.a(chip_17xx_40xx.o)
                0x0000b238                SystemCoreClockUpdate
 .text.Chip_Clock_IsMainPLLEnabled
                0x0000b24c       0x28 C:\Users\Prototipado\Documents\LPCXpresso_7.6.2_326\workspace\lpc_chip_175x_6x\Debug\liblpc_chip_175x_6x.a(clock_17xx_40xx.o)
 .text.Chip_Clock_IsMainPLLConnected
                0x0000b274       0x28 C:\Users\Prototipado\Documents\LPCXpresso_7.6.2_326\workspace\lpc_chip_175x_6x\Debug\liblpc_chip_175x_6x.a(clock_17xx_40xx.o)
 .text.Chip_Clock_FeedPLL
                0x0000b29c       0x34 C:\Users\Prototipado\Documents\LPCXpresso_7.6.2_326\workspace\lpc_chip_175x_6x\Debug\liblpc_chip_175x_6x.a(clock_17xx_40xx.o)
 .text.Chip_Clock_GetMainPLLSource
                0x0000b2d0       0x20 C:\Users\Prototipado\Documents\LPCXpresso_7.6.2_326\workspace\lpc_chip_175x_6x\Debug\liblpc_chip_175x_6x.a(clock_17xx_40xx.o)
 .text.Chip_Clock_GetMainOscRate
                0x0000b2f0       0x18 C:\Users\Prototipado\Documents\LPCXpresso_7.6.2_326\workspace\lpc_chip_175x_6x\Debug\liblpc_chip_175x_6x.a(clock_17xx_40xx.o)
 .text.Chip_Clock_GetIntOscRate
                0x0000b308       0x14 C:\Users\Prototipado\Documents\LPCXpresso_7.6.2_326\workspace\lpc_chip_175x_6x\Debug\liblpc_chip_175x_6x.a(clock_17xx_40xx.o)
 .text.Chip_Clock_GetRTCOscRate
                0x0000b31c       0x18 C:\Users\Prototipado\Documents\LPCXpresso_7.6.2_326\workspace\lpc_chip_175x_6x\Debug\liblpc_chip_175x_6x.a(clock_17xx_40xx.o)
 .text.Chip_Clock_GetMainPLLInClockRate
                0x0000b334       0x10 C:\Users\Prototipado\Documents\LPCXpresso_7.6.2_326\workspace\lpc_chip_175x_6x\Debug\liblpc_chip_175x_6x.a(clock_17xx_40xx.o)
 .text.Chip_Clock_EnablePLL
                0x0000b344       0x44 C:\Users\Prototipado\Documents\LPCXpresso_7.6.2_326\workspace\lpc_chip_175x_6x\Debug\liblpc_chip_175x_6x.a(clock_17xx_40xx.o)
                0x0000b344                Chip_Clock_EnablePLL
 .text.Chip_Clock_DisablePLL
                0x0000b388       0x44 C:\Users\Prototipado\Documents\LPCXpresso_7.6.2_326\workspace\lpc_chip_175x_6x\Debug\liblpc_chip_175x_6x.a(clock_17xx_40xx.o)
                0x0000b388                Chip_Clock_DisablePLL
 .text.Chip_Clock_SetupPLL
                0x0000b3cc       0x58 C:\Users\Prototipado\Documents\LPCXpresso_7.6.2_326\workspace\lpc_chip_175x_6x\Debug\liblpc_chip_175x_6x.a(clock_17xx_40xx.o)
                0x0000b3cc                Chip_Clock_SetupPLL
 .text.Chip_Clock_EnablePeriphClock
                0x0000b424       0x34 C:\Users\Prototipado\Documents\LPCXpresso_7.6.2_326\workspace\lpc_chip_175x_6x\Debug\liblpc_chip_175x_6x.a(clock_17xx_40xx.o)
                0x0000b424                Chip_Clock_EnablePeriphClock
 .text.Chip_Clock_GetCPUClockSource
                0x0000b458       0x24 C:\Users\Prototipado\Documents\LPCXpresso_7.6.2_326\workspace\lpc_chip_175x_6x\Debug\liblpc_chip_175x_6x.a(clock_17xx_40xx.o)
                0x0000b458                Chip_Clock_GetCPUClockSource
 .text.Chip_Clock_SetCPUClockDiv
                0x0000b47c       0x20 C:\Users\Prototipado\Documents\LPCXpresso_7.6.2_326\workspace\lpc_chip_175x_6x\Debug\liblpc_chip_175x_6x.a(clock_17xx_40xx.o)
                0x0000b47c                Chip_Clock_SetCPUClockDiv
 .text.Chip_Clock_GetCPUClockDiv
                0x0000b49c       0x1c C:\Users\Prototipado\Documents\LPCXpresso_7.6.2_326\workspace\lpc_chip_175x_6x\Debug\liblpc_chip_175x_6x.a(clock_17xx_40xx.o)
                0x0000b49c                Chip_Clock_GetCPUClockDiv
 .text.Chip_Clock_GetPCLKDiv
                0x0000b4b8       0x90 C:\Users\Prototipado\Documents\LPCXpresso_7.6.2_326\workspace\lpc_chip_175x_6x\Debug\liblpc_chip_175x_6x.a(clock_17xx_40xx.o)
                0x0000b4b8                Chip_Clock_GetPCLKDiv
 .text.Chip_Clock_GetSYSCLKRate
                0x0000b548       0x34 C:\Users\Prototipado\Documents\LPCXpresso_7.6.2_326\workspace\lpc_chip_175x_6x\Debug\liblpc_chip_175x_6x.a(clock_17xx_40xx.o)
                0x0000b548                Chip_Clock_GetSYSCLKRate
 .text.Chip_Clock_GetMainPLLOutClockRate
                0x0000b57c       0x54 C:\Users\Prototipado\Documents\LPCXpresso_7.6.2_326\workspace\lpc_chip_175x_6x\Debug\liblpc_chip_175x_6x.a(clock_17xx_40xx.o)
                0x0000b57c                Chip_Clock_GetMainPLLOutClockRate
 .text.Chip_Clock_GetMainClockRate
                0x0000b5d0       0x28 C:\Users\Prototipado\Documents\LPCXpresso_7.6.2_326\workspace\lpc_chip_175x_6x\Debug\liblpc_chip_175x_6x.a(clock_17xx_40xx.o)
                0x0000b5d0                Chip_Clock_GetMainClockRate
 .text.Chip_Clock_GetSystemClockRate
                0x0000b5f8       0x18 C:\Users\Prototipado\Documents\LPCXpresso_7.6.2_326\workspace\lpc_chip_175x_6x\Debug\liblpc_chip_175x_6x.a(clock_17xx_40xx.o)
                0x0000b5f8                Chip_Clock_GetSystemClockRate
 .text.Chip_Clock_GetPeripheralClockRate
                0x0000b610       0x28 C:\Users\Prototipado\Documents\LPCXpresso_7.6.2_326\workspace\lpc_chip_175x_6x\Debug\liblpc_chip_175x_6x.a(clock_17xx_40xx.o)
                0x0000b610                Chip_Clock_GetPeripheralClockRate
 .text.Chip_IOCON_PinMuxSet
                0x0000b638       0x34 C:\Users\Prototipado\Documents\LPCXpresso_7.6.2_326\workspace\lpc_chip_175x_6x\Debug\liblpc_chip_175x_6x.a(iocon_17xx_40xx.o)
                0x0000b638                Chip_IOCON_PinMuxSet
 .text.Chip_IOCON_PinMux
                0x0000b66c       0x94 C:\Users\Prototipado\Documents\LPCXpresso_7.6.2_326\workspace\lpc_chip_175x_6x\Debug\liblpc_chip_175x_6x.a(iocon_17xx_40xx.o)
                0x0000b66c                Chip_IOCON_PinMux
 .text.Chip_IOCON_SetPinMuxing
                0x0000b700       0x60 C:\Users\Prototipado\Documents\LPCXpresso_7.6.2_326\workspace\lpc_chip_175x_6x\Debug\liblpc_chip_175x_6x.a(iocon_17xx_40xx.o)
                0x0000b700                Chip_IOCON_SetPinMuxing
 .text.Chip_Pwm_GetClockIndex
                0x0000b760       0x1c C:\Users\Prototipado\Documents\LPCXpresso_7.6.2_326\workspace\lpc_chip_175x_6x\Debug\liblpc_chip_175x_6x.a(pwm_17xx_40xx.o)
 .text.Chip_PWM_Init
                0x0000b77c       0x1c C:\Users\Prototipado\Documents\LPCXpresso_7.6.2_326\workspace\lpc_chip_175x_6x\Debug\liblpc_chip_175x_6x.a(pwm_17xx_40xx.o)
                0x0000b77c                Chip_PWM_Init
 .text.Chip_PWM_SetControlMode
                0x0000b798       0x8c C:\Users\Prototipado\Documents\LPCXpresso_7.6.2_326\workspace\lpc_chip_175x_6x\Debug\liblpc_chip_175x_6x.a(pwm_17xx_40xx.o)
                0x0000b798                Chip_PWM_SetControlMode
 .text.Chip_RTC_Init
                0x0000b824       0x4c C:\Users\Prototipado\Documents\LPCXpresso_7.6.2_326\workspace\lpc_chip_175x_6x\Debug\liblpc_chip_175x_6x.a(rtc_17xx_40xx.o)
                0x0000b824                Chip_RTC_Init
 .text.Chip_RTC_ResetClockTickCounter
                0x0000b870       0x44 C:\Users\Prototipado\Documents\LPCXpresso_7.6.2_326\workspace\lpc_chip_175x_6x\Debug\liblpc_chip_175x_6x.a(rtc_17xx_40xx.o)
                0x0000b870                Chip_RTC_ResetClockTickCounter
 .text.Chip_RTC_Enable
                0x0000b8b4       0x44 C:\Users\Prototipado\Documents\LPCXpresso_7.6.2_326\workspace\lpc_chip_175x_6x\Debug\liblpc_chip_175x_6x.a(rtc_17xx_40xx.o)
                0x0000b8b4                Chip_RTC_Enable
 .text.Chip_RTC_SetFullTime
                0x0000b8f8       0x58 C:\Users\Prototipado\Documents\LPCXpresso_7.6.2_326\workspace\lpc_chip_175x_6x\Debug\liblpc_chip_175x_6x.a(rtc_17xx_40xx.o)
                0x0000b8f8                Chip_RTC_SetFullTime
 .text.Chip_RTC_GetFullTime
                0x0000b950       0x58 C:\Users\Prototipado\Documents\LPCXpresso_7.6.2_326\workspace\lpc_chip_175x_6x\Debug\liblpc_chip_175x_6x.a(rtc_17xx_40xx.o)
                0x0000b950                Chip_RTC_GetFullTime
 .text.Chip_RTC_CalibCounterCmd
                0x0000b9a8       0x44 C:\Users\Prototipado\Documents\LPCXpresso_7.6.2_326\workspace\lpc_chip_175x_6x\Debug\liblpc_chip_175x_6x.a(rtc_17xx_40xx.o)
                0x0000b9a8                Chip_RTC_CalibCounterCmd
 .text.Chip_SSP_GetStatus
                0x0000b9ec       0x2c C:\Users\Prototipado\Documents\LPCXpresso_7.6.2_326\workspace\lpc_chip_175x_6x\Debug\liblpc_chip_175x_6x.a(ssp_17xx_40xx.o)
 .text.Chip_SSP_GetRawIntStatus
                0x0000ba18       0x2c C:\Users\Prototipado\Documents\LPCXpresso_7.6.2_326\workspace\lpc_chip_175x_6x\Debug\liblpc_chip_175x_6x.a(ssp_17xx_40xx.o)
 .text.Chip_SSP_GetDataSize
                0x0000ba44       0x20 C:\Users\Prototipado\Documents\LPCXpresso_7.6.2_326\workspace\lpc_chip_175x_6x\Debug\liblpc_chip_175x_6x.a(ssp_17xx_40xx.o)
 .text.Chip_SSP_ClearIntPending
                0x0000ba64       0x1c C:\Users\Prototipado\Documents\LPCXpresso_7.6.2_326\workspace\lpc_chip_175x_6x\Debug\liblpc_chip_175x_6x.a(ssp_17xx_40xx.o)
 .text.Chip_SSP_ReceiveFrame
                0x0000ba80       0x1c C:\Users\Prototipado\Documents\LPCXpresso_7.6.2_326\workspace\lpc_chip_175x_6x\Debug\liblpc_chip_175x_6x.a(ssp_17xx_40xx.o)
 .text.Chip_SSP_SendFrame
                0x0000ba9c       0x1c C:\Users\Prototipado\Documents\LPCXpresso_7.6.2_326\workspace\lpc_chip_175x_6x\Debug\liblpc_chip_175x_6x.a(ssp_17xx_40xx.o)
 .text.Chip_SSP_SetFormat
                0x0000bab8       0x30 C:\Users\Prototipado\Documents\LPCXpresso_7.6.2_326\workspace\lpc_chip_175x_6x\Debug\liblpc_chip_175x_6x.a(ssp_17xx_40xx.o)
 .text.Chip_SSP_Set_Mode
                0x0000bae8       0x24 C:\Users\Prototipado\Documents\LPCXpresso_7.6.2_326\workspace\lpc_chip_175x_6x\Debug\liblpc_chip_175x_6x.a(ssp_17xx_40xx.o)
 .text.Chip_SSP_GetClockIndex
                0x0000bb0c       0x2c C:\Users\Prototipado\Documents\LPCXpresso_7.6.2_326\workspace\lpc_chip_175x_6x\Debug\liblpc_chip_175x_6x.a(ssp_17xx_40xx.o)
 .text.Chip_SSP_GetClkIndex
                0x0000bb38       0x2c C:\Users\Prototipado\Documents\LPCXpresso_7.6.2_326\workspace\lpc_chip_175x_6x\Debug\liblpc_chip_175x_6x.a(ssp_17xx_40xx.o)
 .text.Chip_SSP_SetClockRate
                0x0000bb64       0x34 C:\Users\Prototipado\Documents\LPCXpresso_7.6.2_326\workspace\lpc_chip_175x_6x\Debug\liblpc_chip_175x_6x.a(ssp_17xx_40xx.o)
                0x0000bb64                Chip_SSP_SetClockRate
 .text.Chip_SSP_WriteFrames_Blocking
                0x0000bb98      0x138 C:\Users\Prototipado\Documents\LPCXpresso_7.6.2_326\workspace\lpc_chip_175x_6x\Debug\liblpc_chip_175x_6x.a(ssp_17xx_40xx.o)
                0x0000bb98                Chip_SSP_WriteFrames_Blocking
 .text.Chip_SSP_ReadFrames_Blocking
                0x0000bcd0      0x148 C:\Users\Prototipado\Documents\LPCXpresso_7.6.2_326\workspace\lpc_chip_175x_6x\Debug\liblpc_chip_175x_6x.a(ssp_17xx_40xx.o)
                0x0000bcd0                Chip_SSP_ReadFrames_Blocking
 .text.Chip_SSP_SetBitRate
                0x0000be18       0x74 C:\Users\Prototipado\Documents\LPCXpresso_7.6.2_326\workspace\lpc_chip_175x_6x\Debug\liblpc_chip_175x_6x.a(ssp_17xx_40xx.o)
                0x0000be18                Chip_SSP_SetBitRate
 .text.Chip_SSP_Init
                0x0000be8c       0x3c C:\Users\Prototipado\Documents\LPCXpresso_7.6.2_326\workspace\lpc_chip_175x_6x\Debug\liblpc_chip_175x_6x.a(ssp_17xx_40xx.o)
                0x0000be8c                Chip_SSP_Init
 .text.Chip_Clock_IsMainPLLEnabled
                0x0000bec8       0x28 C:\Users\Prototipado\Documents\LPCXpresso_7.6.2_326\workspace\lpc_chip_175x_6x\Debug\liblpc_chip_175x_6x.a(sysinit_17xx_40xx.o)
 .text.Chip_Clock_IsMainPLLLocked
                0x0000bef0       0x28 C:\Users\Prototipado\Documents\LPCXpresso_7.6.2_326\workspace\lpc_chip_175x_6x\Debug\liblpc_chip_175x_6x.a(sysinit_17xx_40xx.o)
 .text.Chip_Clock_IsMainPLLConnected
                0x0000bf18       0x28 C:\Users\Prototipado\Documents\LPCXpresso_7.6.2_326\workspace\lpc_chip_175x_6x\Debug\liblpc_chip_175x_6x.a(sysinit_17xx_40xx.o)
 .text.Chip_Clock_SetMainPLLSource
                0x0000bf40       0x20 C:\Users\Prototipado\Documents\LPCXpresso_7.6.2_326\workspace\lpc_chip_175x_6x\Debug\liblpc_chip_175x_6x.a(sysinit_17xx_40xx.o)
 .text.Chip_SetupIrcClocking
                0x0000bf60       0x68 C:\Users\Prototipado\Documents\LPCXpresso_7.6.2_326\workspace\lpc_chip_175x_6x\Debug\liblpc_chip_175x_6x.a(sysinit_17xx_40xx.o)
                0x0000bf60                Chip_SetupIrcClocking
 .text.Chip_SystemInit
                0x0000bfc8        0xc C:\Users\Prototipado\Documents\LPCXpresso_7.6.2_326\workspace\lpc_chip_175x_6x\Debug\liblpc_chip_175x_6x.a(sysinit_17xx_40xx.o)
                0x0000bfc8                Chip_SystemInit
 .text.Chip_UART_SendByte
                0x0000bfd4       0x1c C:\Users\Prototipado\Documents\LPCXpresso_7.6.2_326\workspace\lpc_chip_175x_6x\Debug\liblpc_chip_175x_6x.a(uart_17xx_40xx.o)
 .text.Chip_UART_SetupFIFOS
                0x0000bff0       0x1c C:\Users\Prototipado\Documents\LPCXpresso_7.6.2_326\workspace\lpc_chip_175x_6x\Debug\liblpc_chip_175x_6x.a(uart_17xx_40xx.o)
 .text.Chip_UART_ConfigData
                0x0000c00c       0x1c C:\Users\Prototipado\Documents\LPCXpresso_7.6.2_326\workspace\lpc_chip_175x_6x\Debug\liblpc_chip_175x_6x.a(uart_17xx_40xx.o)
 .text.Chip_UART_EnableDivisorAccess
                0x0000c028       0x20 C:\Users\Prototipado\Documents\LPCXpresso_7.6.2_326\workspace\lpc_chip_175x_6x\Debug\liblpc_chip_175x_6x.a(uart_17xx_40xx.o)
 .text.Chip_UART_DisableDivisorAccess
                0x0000c048       0x20 C:\Users\Prototipado\Documents\LPCXpresso_7.6.2_326\workspace\lpc_chip_175x_6x\Debug\liblpc_chip_175x_6x.a(uart_17xx_40xx.o)
 .text.Chip_UART_SetDivisorLatches
                0x0000c068       0x28 C:\Users\Prototipado\Documents\LPCXpresso_7.6.2_326\workspace\lpc_chip_175x_6x\Debug\liblpc_chip_175x_6x.a(uart_17xx_40xx.o)
 .text.Chip_UART_ReadLineStatus
                0x0000c090       0x18 C:\Users\Prototipado\Documents\LPCXpresso_7.6.2_326\workspace\lpc_chip_175x_6x\Debug\liblpc_chip_175x_6x.a(uart_17xx_40xx.o)
 .text.Chip_UART_GetClockIndex
                0x0000c0a8       0x50 C:\Users\Prototipado\Documents\LPCXpresso_7.6.2_326\workspace\lpc_chip_175x_6x\Debug\liblpc_chip_175x_6x.a(uart_17xx_40xx.o)
 .text.Chip_UART_GetClkIndex
                0x0000c0f8       0x50 C:\Users\Prototipado\Documents\LPCXpresso_7.6.2_326\workspace\lpc_chip_175x_6x\Debug\liblpc_chip_175x_6x.a(uart_17xx_40xx.o)
 .text.Chip_UART_Init
                0x0000c148       0x74 C:\Users\Prototipado\Documents\LPCXpresso_7.6.2_326\workspace\lpc_chip_175x_6x\Debug\liblpc_chip_175x_6x.a(uart_17xx_40xx.o)
                0x0000c148                Chip_UART_Init
 .text.Chip_UART_TXEnable
                0x0000c1bc       0x18 C:\Users\Prototipado\Documents\LPCXpresso_7.6.2_326\workspace\lpc_chip_175x_6x\Debug\liblpc_chip_175x_6x.a(uart_17xx_40xx.o)
                0x0000c1bc                Chip_UART_TXEnable
 .text.Chip_UART_TXDisable
                0x0000c1d4       0x18 C:\Users\Prototipado\Documents\LPCXpresso_7.6.2_326\workspace\lpc_chip_175x_6x\Debug\liblpc_chip_175x_6x.a(uart_17xx_40xx.o)
                0x0000c1d4                Chip_UART_TXDisable
 .text.Chip_UART_Send
                0x0000c1ec       0x50 C:\Users\Prototipado\Documents\LPCXpresso_7.6.2_326\workspace\lpc_chip_175x_6x\Debug\liblpc_chip_175x_6x.a(uart_17xx_40xx.o)
                0x0000c1ec                Chip_UART_Send
 .text.Chip_UART_SendBlocking
                0x0000c23c       0x4c C:\Users\Prototipado\Documents\LPCXpresso_7.6.2_326\workspace\lpc_chip_175x_6x\Debug\liblpc_chip_175x_6x.a(uart_17xx_40xx.o)
                0x0000c23c                Chip_UART_SendBlocking
 .text.Chip_UART_SetBaud
                0x0000c288       0x64 C:\Users\Prototipado\Documents\LPCXpresso_7.6.2_326\workspace\lpc_chip_175x_6x\Debug\liblpc_chip_175x_6x.a(uart_17xx_40xx.o)
                0x0000c288                Chip_UART_SetBaud
 .text.__sys_write
                0x0000c2ec        0xc c:/nxp/lpcxpresso_7.6.2_326/lpcxpresso/tools/bin/../lib/gcc/arm-none-eabi/4.9.3/../../../../arm-none-eabi/lib/armv7-m\libcr_semihost.a(__sys_write.o)
                0x0000c2ec                __sys_write
                0x0000c2ec                __write
 .text.__main   0x0000c2f8       0x14 c:/nxp/lpcxpresso_7.6.2_326/lpcxpresso/tools/bin/../lib/gcc/arm-none-eabi/4.9.3/../../../../arm-none-eabi/lib/armv7-m\libcr_semihost.a(_cr__main.o)
                0x0000c2f8                __CR_SEMIHOST
                0x0000c2f8                __main
 .text.memcpy   0x0000c30c        0x4 c:/nxp/lpcxpresso_7.6.2_326/lpcxpresso/tools/bin/../lib/gcc/arm-none-eabi/4.9.3/../../../../arm-none-eabi/lib/armv7-m\libcr_c.a(memcpy.o)
                0x0000c30c                memcpy
 .text.memset   0x0000c310        0x4 c:/nxp/lpcxpresso_7.6.2_326/lpcxpresso/tools/bin/../lib/gcc/arm-none-eabi/4.9.3/../../../../arm-none-eabi/lib/armv7-m\libcr_c.a(memset.o)
                0x0000c310                memset
 .text.fp_round
                0x0000c314       0x4a c:/nxp/lpcxpresso_7.6.2_326/lpcxpresso/tools/bin/../lib/gcc/arm-none-eabi/4.9.3/../../../../arm-none-eabi/lib/armv7-m\libcr_c.a(fpprintf.o)
 .text.pr_dec.constprop.1
                0x0000c35e       0x26 c:/nxp/lpcxpresso_7.6.2_326/lpcxpresso/tools/bin/../lib/gcc/arm-none-eabi/4.9.3/../../../../arm-none-eabi/lib/armv7-m\libcr_c.a(fpprintf.o)
 .text.sprintf  0x0000c384       0x6c c:/nxp/lpcxpresso_7.6.2_326/lpcxpresso/tools/bin/../lib/gcc/arm-none-eabi/4.9.3/../../../../arm-none-eabi/lib/armv7-m\libcr_c.a(fpprintf.o)
                0x0000c384                sprintf
 .text.fp_display
                0x0000c3f0      0x900 c:/nxp/lpcxpresso_7.6.2_326/lpcxpresso/tools/bin/../lib/gcc/arm-none-eabi/4.9.3/../../../../arm-none-eabi/lib/armv7-m\libcr_c.a(fpprintf.o)
 .text._initio  0x0000ccf0       0xa4 c:/nxp/lpcxpresso_7.6.2_326/lpcxpresso/tools/bin/../lib/gcc/arm-none-eabi/4.9.3/../../../../arm-none-eabi/lib/armv7-m\libcr_c.a(initio.o)
                0x0000ccf0                _initio
 .text.__vfprintf
                0x0000cd94      0xca4 c:/nxp/lpcxpresso_7.6.2_326/lpcxpresso/tools/bin/../lib/gcc/arm-none-eabi/4.9.3/../../../../arm-none-eabi/lib/armv7-m\libcr_c.a(printf.o)
                0x0000cd94                __vfprintf
 .text.setvbuf  0x0000da38       0x40 c:/nxp/lpcxpresso_7.6.2_326/lpcxpresso/tools/bin/../lib/gcc/arm-none-eabi/4.9.3/../../../../arm-none-eabi/lib/armv7-m\libcr_c.a(setvbuf.o)
                0x0000da38                setvbuf
 .text.strcat   0x0000da78       0x1e c:/nxp/lpcxpresso_7.6.2_326/lpcxpresso/tools/bin/../lib/gcc/arm-none-eabi/4.9.3/../../../../arm-none-eabi/lib/armv7-m\libcr_c.a(strcat.o)
                0x0000da78                strcat
 .text.strchr   0x0000da96       0x1a c:/nxp/lpcxpresso_7.6.2_326/lpcxpresso/tools/bin/../lib/gcc/arm-none-eabi/4.9.3/../../../../arm-none-eabi/lib/armv7-m\libcr_c.a(strchr.o)
                0x0000da96                strchr
 .text.strcpy   0x0000dab0       0x42 c:/nxp/lpcxpresso_7.6.2_326/lpcxpresso/tools/bin/../lib/gcc/arm-none-eabi/4.9.3/../../../../arm-none-eabi/lib/armv7-m\libcr_c.a(strcpy.o)
                0x0000dab0                strcpy
 .text.strlen   0x0000daf2       0x4a c:/nxp/lpcxpresso_7.6.2_326/lpcxpresso/tools/bin/../lib/gcc/arm-none-eabi/4.9.3/../../../../arm-none-eabi/lib/armv7-m\libcr_c.a(strlen.o)
                0x0000daf2                strlen
 .text.strncmp  0x0000db3c       0x56 c:/nxp/lpcxpresso_7.6.2_326/lpcxpresso/tools/bin/../lib/gcc/arm-none-eabi/4.9.3/../../../../arm-none-eabi/lib/armv7-m\libcr_c.a(strncmp.o)
                0x0000db3c                strncmp
 .text.strncpy  0x0000db92       0x58 c:/nxp/lpcxpresso_7.6.2_326/lpcxpresso/tools/bin/../lib/gcc/arm-none-eabi/4.9.3/../../../../arm-none-eabi/lib/armv7-m\libcr_c.a(strncpy.o)
                0x0000db92                strncpy
 .text.strstr   0x0000dbea       0x1e c:/nxp/lpcxpresso_7.6.2_326/lpcxpresso/tools/bin/../lib/gcc/arm-none-eabi/4.9.3/../../../../arm-none-eabi/lib/armv7-m\libcr_c.a(strstr.o)
                0x0000dbea                strstr
 .text._deferredlazyseek
                0x0000dc08       0x44 c:/nxp/lpcxpresso_7.6.2_326/lpcxpresso/tools/bin/../lib/gcc/arm-none-eabi/4.9.3/../../../../arm-none-eabi/lib/armv7-m\libcr_c.a(_deferredlazyseek.o)
                0x0000dc08                _deferredlazyseek
 .text.__flsbuf
                0x0000dc4c      0x142 c:/nxp/lpcxpresso_7.6.2_326/lpcxpresso/tools/bin/../lib/gcc/arm-none-eabi/4.9.3/../../../../arm-none-eabi/lib/armv7-m\libcr_c.a(_deferredlazyseek.o)
                0x0000dc4c                __flsbuf
 .text._fdopen  0x0000dd8e       0x6a c:/nxp/lpcxpresso_7.6.2_326/lpcxpresso/tools/bin/../lib/gcc/arm-none-eabi/4.9.3/../../../../arm-none-eabi/lib/armv7-m\libcr_c.a(_fdopen.o)
                0x0000dd8e                _fdopen
 .text._fflush  0x0000ddf8       0x58 c:/nxp/lpcxpresso_7.6.2_326/lpcxpresso/tools/bin/../lib/gcc/arm-none-eabi/4.9.3/../../../../arm-none-eabi/lib/armv7-m\libcr_c.a(_fflush.o)
                0x0000ddf8                _fflush
 .text._frexpl  0x0000de50       0x5a c:/nxp/lpcxpresso_7.6.2_326/lpcxpresso/tools/bin/../lib/gcc/arm-none-eabi/4.9.3/../../../../arm-none-eabi/lib/armv7-m\libcr_c.a(_frexpl.o)
                0x0000de50                _frexpl
 *fill*         0x0000deaa        0x2 
 .text._ldexpl  0x0000deac       0x4c c:/nxp/lpcxpresso_7.6.2_326/lpcxpresso/tools/bin/../lib/gcc/arm-none-eabi/4.9.3/../../../../arm-none-eabi/lib/armv7-m\libcr_c.a(_ldexpl.o)
                0x0000deac                _ldexpl
 .text._Cwritebuf
                0x0000def8       0x70 c:/nxp/lpcxpresso_7.6.2_326/lpcxpresso/tools/bin/../lib/gcc/arm-none-eabi/4.9.3/../../../../arm-none-eabi/lib/armv7-m\libcr_c.a(_writebuf.o)
                0x0000def8                _Cwritebuf
 .text.malloc   0x0000df68       0xcc c:/nxp/lpcxpresso_7.6.2_326/lpcxpresso/tools/bin/../lib/gcc/arm-none-eabi/4.9.3/../../../../arm-none-eabi/lib/armv7-m\libcr_c.a(alloc.o)
                0x0000df68                malloc
 .text.free     0x0000e034       0x30 c:/nxp/lpcxpresso_7.6.2_326/lpcxpresso/tools/bin/../lib/gcc/arm-none-eabi/4.9.3/../../../../arm-none-eabi/lib/armv7-m\libcr_c.a(alloc.o)
                0x0000e034                free
 .text._Csys_alloc
                0x0000e064       0x20 c:/nxp/lpcxpresso_7.6.2_326/lpcxpresso/tools/bin/../lib/gcc/arm-none-eabi/4.9.3/../../../../arm-none-eabi/lib/armv7-m\libcr_c.a(alloc.o)
                0x0000e064                _Csys_alloc
 .text.fclose   0x0000e084       0x6c c:/nxp/lpcxpresso_7.6.2_326/lpcxpresso/tools/bin/../lib/gcc/arm-none-eabi/4.9.3/../../../../arm-none-eabi/lib/armv7-m\libcr_c.a(fclose.o)
                0x0000e084                fclose
 .text.fflush   0x0000e0f0       0x30 c:/nxp/lpcxpresso_7.6.2_326/lpcxpresso/tools/bin/../lib/gcc/arm-none-eabi/4.9.3/../../../../arm-none-eabi/lib/armv7-m\libcr_c.a(fflush.o)
                0x0000e0f0                fflush
 .text.fseek    0x0000e120      0x110 c:/nxp/lpcxpresso_7.6.2_326/lpcxpresso/tools/bin/../lib/gcc/arm-none-eabi/4.9.3/../../../../arm-none-eabi/lib/armv7-m\libcr_c.a(fseek.o)
                0x0000e120                fseek
 .text.ftell    0x0000e230       0x4c c:/nxp/lpcxpresso_7.6.2_326/lpcxpresso/tools/bin/../lib/gcc/arm-none-eabi/4.9.3/../../../../arm-none-eabi/lib/armv7-m\libcr_c.a(ftell.o)
                0x0000e230                ftell
 .text.remove   0x0000e27c       0x14 c:/nxp/lpcxpresso_7.6.2_326/lpcxpresso/tools/bin/../lib/gcc/arm-none-eabi/4.9.3/../../../../arm-none-eabi/lib/armv7-m\libcr_c.a(remove.o)
                0x0000e27c                remove
 .text._sbrk    0x0000e290       0x40 c:/nxp/lpcxpresso_7.6.2_326/lpcxpresso/tools/bin/../lib/gcc/arm-none-eabi/4.9.3/../../../../arm-none-eabi/lib/armv7-m\libcr_c.a(_cr_sbrk.o)
                0x0000e290                _sbrk
 .text._do_fflush
                0x0000e2d0       0x44 c:/nxp/lpcxpresso_7.6.2_326/lpcxpresso/tools/bin/../lib/gcc/arm-none-eabi/4.9.3/../../../../arm-none-eabi/lib/armv7-m\libcr_c.a(_do_fflush.o)
                0x0000e2d0                _do_fflush
 .text.__check_heap_overflow
                0x0000e314       0x18 c:/nxp/lpcxpresso_7.6.2_326/lpcxpresso/tools/bin/../lib/gcc/arm-none-eabi/4.9.3/../../../../arm-none-eabi/lib/armv7-m\libcr_c.a(_cr_check_heap.o)
                0x0000e314                __check_heap_overflow
 .text.__aeabi_dmul
                0x0000e32c      0x120 c:/nxp/lpcxpresso_7.6.2_326/lpcxpresso/tools/bin/../lib/gcc/arm-none-eabi/4.9.3/armv7-m\libcr_eabihelpers.a(double.o)
                0x0000e32c                __aeabi_dmul
 .text.__aeabi_ddiv
                0x0000e44c      0x150 c:/nxp/lpcxpresso_7.6.2_326/lpcxpresso/tools/bin/../lib/gcc/arm-none-eabi/4.9.3/armv7-m\libcr_eabihelpers.a(double.o)
                0x0000e44c                __aeabi_ddiv
 .text.__aeabi_dsub
                0x0000e59c      0x1d8 c:/nxp/lpcxpresso_7.6.2_326/lpcxpresso/tools/bin/../lib/gcc/arm-none-eabi/4.9.3/armv7-m\libcr_eabihelpers.a(double.o)
                0x0000e59c                __aeabi_dsub
 .text.__aeabi_dadd
                0x0000e774      0x134 c:/nxp/lpcxpresso_7.6.2_326/lpcxpresso/tools/bin/../lib/gcc/arm-none-eabi/4.9.3/armv7-m\libcr_eabihelpers.a(double.o)
                0x0000e774                __aeabi_dadd
 .text.__aeabi_d2f
                0x0000e8a8       0x5c c:/nxp/lpcxpresso_7.6.2_326/lpcxpresso/tools/bin/../lib/gcc/arm-none-eabi/4.9.3/armv7-m\libcr_eabihelpers.a(double.o)
                0x0000e8a8                __aeabi_d2f
 .text.__aeabi_d2iz
                0x0000e904       0x40 c:/nxp/lpcxpresso_7.6.2_326/lpcxpresso/tools/bin/../lib/gcc/arm-none-eabi/4.9.3/armv7-m\libcr_eabihelpers.a(double.o)
                0x0000e904                __aeabi_d2iz
 .text.__bhs_ui2d
                0x0000e944       0x48 c:/nxp/lpcxpresso_7.6.2_326/lpcxpresso/tools/bin/../lib/gcc/arm-none-eabi/4.9.3/armv7-m\libcr_eabihelpers.a(double.o)
                0x0000e944                __bhs_ui2d
 .text.__aeabi_i2d
                0x0000e98c       0x14 c:/nxp/lpcxpresso_7.6.2_326/lpcxpresso/tools/bin/../lib/gcc/arm-none-eabi/4.9.3/armv7-m\libcr_eabihelpers.a(double.o)
                0x0000e98c                __aeabi_i2d
 .text.__aeabi_dcmpeq
                0x0000e9a0       0x2c c:/nxp/lpcxpresso_7.6.2_326/lpcxpresso/tools/bin/../lib/gcc/arm-none-eabi/4.9.3/armv7-m\libcr_eabihelpers.a(double.o)
                0x0000e9a0                __aeabi_dcmpeq
 .text.__aeabi_dcmplt
                0x0000e9cc       0x5c c:/nxp/lpcxpresso_7.6.2_326/lpcxpresso/tools/bin/../lib/gcc/arm-none-eabi/4.9.3/armv7-m\libcr_eabihelpers.a(double.o)
                0x0000e9cc                __aeabi_dcmplt
 .text.__aeabi_dcmple
                0x0000ea28       0x5c c:/nxp/lpcxpresso_7.6.2_326/lpcxpresso/tools/bin/../lib/gcc/arm-none-eabi/4.9.3/armv7-m\libcr_eabihelpers.a(double.o)
                0x0000ea28                __aeabi_dcmple
 .text.__aeabi_dcmpge
                0x0000ea84       0x5c c:/nxp/lpcxpresso_7.6.2_326/lpcxpresso/tools/bin/../lib/gcc/arm-none-eabi/4.9.3/armv7-m\libcr_eabihelpers.a(double.o)
                0x0000ea84                __aeabi_dcmpge
 .text.__aeabi_f2d
                0x0000eae0       0x3c c:/nxp/lpcxpresso_7.6.2_326/lpcxpresso/tools/bin/../lib/gcc/arm-none-eabi/4.9.3/armv7-m\libcr_eabihelpers.a(float.o)
                0x0000eae0                __aeabi_f2d
 .text.__aeabi_fcmpeq
                0x0000eb1c       0x20 c:/nxp/lpcxpresso_7.6.2_326/lpcxpresso/tools/bin/../lib/gcc/arm-none-eabi/4.9.3/armv7-m\libcr_eabihelpers.a(float.o)
                0x0000eb1c                __aeabi_fcmpeq
 .text.__aeabi_fcmpgt
                0x0000eb3c       0x3c c:/nxp/lpcxpresso_7.6.2_326/lpcxpresso/tools/bin/../lib/gcc/arm-none-eabi/4.9.3/armv7-m\libcr_eabihelpers.a(float.o)
                0x0000eb3c                __aeabi_fcmpgt
 .text.__aeabi_memcpy
                0x0000eb78       0x34 c:/nxp/lpcxpresso_7.6.2_326/lpcxpresso/tools/bin/../lib/gcc/arm-none-eabi/4.9.3/armv7-m\libcr_eabihelpers.a(memcpy.o)
                0x0000eb78                __aeabi_memcpy
                0x0000eb82                __aeabi_memcpy8
                0x0000eb82                __aeabi_memcpy4
 .text.__aeabi_memset_lowlevel
                0x0000ebac       0x32 c:/nxp/lpcxpresso_7.6.2_326/lpcxpresso/tools/bin/../lib/gcc/arm-none-eabi/4.9.3/armv7-m\libcr_eabihelpers.a(memcpy.o)
                0x0000ebac                __aeabi_lowlevel_memset
 *fill*         0x0000ebde        0x2 
 .text.__sys_appexit
                0x0000ebe0        0xc c:/nxp/lpcxpresso_7.6.2_326/lpcxpresso/tools/bin/../lib/gcc/arm-none-eabi/4.9.3/../../../../arm-none-eabi/lib/armv7-m\libcr_semihost.a(__sys_appexit.o)
                0x0000ebe0                __sys_appexit
                0x0000ebe0                __exit
 .text.__sys_close
                0x0000ebec        0xc c:/nxp/lpcxpresso_7.6.2_326/lpcxpresso/tools/bin/../lib/gcc/arm-none-eabi/4.9.3/../../../../arm-none-eabi/lib/armv7-m\libcr_semihost.a(__sys_close.o)
                0x0000ebec                __sys_close
 .text.__sys_flen
                0x0000ebf8        0xc c:/nxp/lpcxpresso_7.6.2_326/lpcxpresso/tools/bin/../lib/gcc/arm-none-eabi/4.9.3/../../../../arm-none-eabi/lib/armv7-m\libcr_semihost.a(__sys_flen.o)
                0x0000ebf8                __sys_flen
 .text.__sys_istty
                0x0000ec04        0xc c:/nxp/lpcxpresso_7.6.2_326/lpcxpresso/tools/bin/../lib/gcc/arm-none-eabi/4.9.3/../../../../arm-none-eabi/lib/armv7-m\libcr_semihost.a(__sys_istty.o)
                0x0000ec04                __sys_istty
 .text.__sys_remove
                0x0000ec10        0xc c:/nxp/lpcxpresso_7.6.2_326/lpcxpresso/tools/bin/../lib/gcc/arm-none-eabi/4.9.3/../../../../arm-none-eabi/lib/armv7-m\libcr_semihost.a(__sys_remove.o)
                0x0000ec10                __sys_remove
 .text.__sys_seek
                0x0000ec1c        0xc c:/nxp/lpcxpresso_7.6.2_326/lpcxpresso/tools/bin/../lib/gcc/arm-none-eabi/4.9.3/../../../../arm-none-eabi/lib/armv7-m\libcr_semihost.a(__sys_seek.o)
                0x0000ec1c                __sys_seek
 .text.__sys_tmpnam
                0x0000ec28        0xc c:/nxp/lpcxpresso_7.6.2_326/lpcxpresso/tools/bin/../lib/gcc/arm-none-eabi/4.9.3/../../../../arm-none-eabi/lib/armv7-m\libcr_semihost.a(__sys_tmpnam.o)
                0x0000ec28                __sys_tmpnam
 *(.rodata .rodata.* .constdata .constdata.*)
 .rodata        0x0000ec34        0x8 ./freertos/src/tasks.o
 .rodata        0x0000ec3c        0xc ./Modules/src/Acquirer.o
 .rodata        0x0000ec48      0x1e0 ./Modules/src/Storer.o
 .rodata        0x0000ee28       0x58 ./Modules/src/Transceiver.o
 .rodata        0x0000ee80       0x24 ./Modules/src/UserIO.o
 .rodata.SavedFile
                0x0000eea4        0xc ./Drivers/src/DSD.o
 .rodata        0x0000eeb0       0x50 ./Drivers/src/DSD.o
 .rodata.GpsBitmaps
                0x0000ef00       0x18 ./Drivers/src/Display.o
                0x0000ef00                GpsBitmaps
 .rodata.WindsBitmaps
                0x0000ef18       0x18 ./Drivers/src/Display.o
                0x0000ef18                WindsBitmaps
 .rodata.FlowBitmaps
                0x0000ef30       0x10 ./Drivers/src/Display.o
                0x0000ef30                FlowBitmaps
 .rodata.TyhBitmaps
                0x0000ef40       0x14 ./Drivers/src/Display.o
                0x0000ef40                TyhBitmaps
 .rodata.alarmBitmaps
                0x0000ef54       0x24 ./Drivers/src/Display.o
                0x0000ef54                alarmBitmaps
 .rodata.InicioBitmaps
                0x0000ef78       0xf4 ./Drivers/src/Display.o
                0x0000ef78                InicioBitmaps
 .rodata.Signal1Bitmaps
                0x0000f06c        0x4 ./Drivers/src/Display.o
                0x0000f06c                Signal1Bitmaps
 .rodata.Signal2Bitmaps
                0x0000f070        0x8 ./Drivers/src/Display.o
                0x0000f070                Signal2Bitmaps
 .rodata.Signal3Bitmaps
                0x0000f078        0x8 ./Drivers/src/Display.o
                0x0000f078                Signal3Bitmaps
 .rodata.Signal4Bitmaps
                0x0000f080        0xc ./Drivers/src/Display.o
                0x0000f080                Signal4Bitmaps
 .rodata.SdOkBitmaps
                0x0000f08c        0x8 ./Drivers/src/Display.o
                0x0000f08c                SdOkBitmaps
 .rodata.SdFailBitmaps
                0x0000f094        0x8 ./Drivers/src/Display.o
                0x0000f094                SdFailBitmaps
 .rodata        0x0000f09c      0x238 ./Drivers/src/Display.o
 .rodata        0x0000f2d4      0x24c ./Drivers/src/GL865.o
 .rodata        0x0000f520       0x2c ./Drivers/src/Modem.o
 .rodata        0x0000f54c        0x4 ./Data/src/Recipe.o
 .rodata.pinmuxing.7317
                0x0000f550       0x30 ./Board/src/Board.o
 .rodata.pinmuxing.7324
                0x0000f580       0x18 ./Board/src/Board.o
 .rodata        0x0000f598       0x44 ./Application/STGAA+RTOS.o
 .rodata.OscRateIn
                0x0000f5dc        0x4 ./Application/sysinit.o
                0x0000f5dc                OscRateIn
 .rodata.RTCOscRateIn
                0x0000f5e0        0x4 ./Application/sysinit.o
                0x0000f5e0                RTCOscRateIn
 .rodata        0x0000f5e4      0x4e4 C:\Users\Prototipado\Documents\LPCXpresso_7.6.2_326\workspace\Lib_FatFs_SD\Debug\libLib_FatFs_SD.a(ff.o)
 .rodata.SysFont3x5
                0x0000fac8      0x128 C:\Users\Prototipado\Documents\LPCXpresso_7.6.2_326\workspace\LIB_GLCDgui\Debug\libLIB_GLCDgui.a(text.o)
 .rodata.System5x7
                0x0000fbf0      0x1ec C:\Users\Prototipado\Documents\LPCXpresso_7.6.2_326\workspace\LIB_GLCDgui\Debug\libLIB_GLCDgui.a(windows.o)
 .rodata.System5x7
                0x0000fddc      0x1ec C:\Users\Prototipado\Documents\LPCXpresso_7.6.2_326\workspace\LIB_GLCDgui\Debug\libLIB_GLCDgui.a(textSlider.o)
 .rodata        0x0000ffc8       0x14 C:\Users\Prototipado\Documents\LPCXpresso_7.6.2_326\workspace\LIB_GLCDgui\Debug\libLIB_GLCDgui.a(textSlider.o)
 .rodata.System5x7
                0x0000ffdc      0x1ec C:\Users\Prototipado\Documents\LPCXpresso_7.6.2_326\workspace\LIB_GLCDgui\Debug\libLIB_GLCDgui.a(button.o)
 .rodata.str1.1
                0x000101c8       0x34 c:/nxp/lpcxpresso_7.6.2_326/lpcxpresso/tools/bin/../lib/gcc/arm-none-eabi/4.9.3/../../../../arm-none-eabi/lib/armv7-m\libcr_c.a(fpprintf.o)
                                 0x35 (size before relaxing)
 .rodata.str1.1
                0x000101fc        0x4 c:/nxp/lpcxpresso_7.6.2_326/lpcxpresso/tools/bin/../lib/gcc/arm-none-eabi/4.9.3/../../../../arm-none-eabi/lib/armv7-m\libcr_c.a(initio.o)
 .rodata.str1.1
                0x00010200       0x31 c:/nxp/lpcxpresso_7.6.2_326/lpcxpresso/tools/bin/../lib/gcc/arm-none-eabi/4.9.3/../../../../arm-none-eabi/lib/armv7-m\libcr_c.a(printf.o)
                                 0x38 (size before relaxing)
 .rodata.str1.1
                0x00010231       0x18 c:/nxp/lpcxpresso_7.6.2_326/lpcxpresso/tools/bin/../lib/gcc/arm-none-eabi/4.9.3/../../../../arm-none-eabi/lib/armv7-m\libcr_c.a(alloc.o)
 *fill*         0x00010249        0x7 
 .rodata.__huge_vall
                0x00010250        0x8 c:/nxp/lpcxpresso_7.6.2_326/lpcxpresso/tools/bin/../lib/gcc/arm-none-eabi/4.9.3/../../../../arm-none-eabi/lib/armv7-m\libcr_c.a(_hugeval.o)
                0x00010250                __huge_vall
                0x00010258                . = ALIGN (0x4)

.glue_7         0x00010258        0x0
 .glue_7        0x00000000        0x0 linker stubs

.glue_7t        0x00010258        0x0
 .glue_7t       0x00000000        0x0 linker stubs

.vfp11_veneer   0x00010258        0x0
 .vfp11_veneer  0x00000000        0x0 linker stubs

.v4_bx          0x00010258        0x0
 .v4_bx         0x00000000        0x0 linker stubs

.iplt           0x00010258        0x0
 .iplt          0x00000000        0x0 ./freertos/src/FreeRTOSCommonHooks.o

.rel.dyn        0x00010258        0x0
 .rel.iplt      0x00000000        0x0 ./freertos/src/FreeRTOSCommonHooks.o

.ARM.extab
 *(.ARM.extab* .gnu.linkonce.armextab.*)
                0x00010258                __exidx_start = .

.ARM.exidx
 *(.ARM.exidx* .gnu.linkonce.armexidx.*)
                0x00010258                __exidx_end = .
                0x00010258                _etext = .

.data_RAM2      0x2007c000        0x0 load address 0x00010258
 FILL mask 0xff
                0x2007c000                PROVIDE (__start_data_RAM2, .)
 *(.ramfunc.$RAM2)
 *(.ramfunc.$RamAHB32)
 *(.data.$RAM2*)
 *(.data.$RamAHB32*)
                0x2007c000                . = ALIGN (0x4)
                0x2007c000                PROVIDE (__end_data_RAM2, .)

.uninit_RESERVED
                0x10000000        0x0
 *(.bss.$RESERVED*)
                0x10000000                . = ALIGN (0x4)
                0x10000000                _end_uninit_RESERVED = .

.data           0x10000000       0x4c load address 0x00010258
 FILL mask 0xff
                0x10000000                _data = .
 *(vtable)
 *(.ramfunc*)
 *(.data*)
 .data.xFreeBytesRemaining
                0x10000000        0x4 ./freertos/src/heap_2.o
 .data.uxCriticalNesting
                0x10000004        0x4 ./freertos/src/port.o
 .data.xNextTaskUnblockTime
                0x10000008        0x4 ./freertos/src/tasks.o
 .data.LogFile  0x1000000c        0xc ./Modules/src/Storer.o
 .data.FileName
                0x10000018       0x18 ./Modules/src/Storer.o
 .data.PrevSim  0x10000030        0x1 ./Drivers/src/Display.o
                0x10000030                PrevSim
 *fill*         0x10000031        0x3 
 .data.rowPins  0x10000034        0x4 ./Drivers/src/Keypad.o
 .data.columnPins
                0x10000038        0x4 ./Drivers/src/Keypad.o
 .data.Keys     0x1000003c        0x8 ./Drivers/src/Keypad.o
 .data.delay_InititScreen
                0x10000044        0x4 ./Application/STGAA+RTOS.o
 .data          0x10000048        0x1 C:\Users\Prototipado\Documents\LPCXpresso_7.6.2_326\workspace\Lib_FatFs_SD\Debug\libLib_FatFs_SD.a(mmc.o)
                0x1000004c                . = ALIGN (0x4)
 *fill*         0x10000049        0x3 ff
                0x1000004c                _edata = .

.igot.plt       0x1000004c        0x0 load address 0x000102a4
 .igot.plt      0x00000000        0x0 ./freertos/src/FreeRTOSCommonHooks.o

.bss_RAM2       0x2007c000        0x0
                0x2007c000                PROVIDE (__start_bss_RAM2, .)
 *(.bss.$RAM2*)
 *(.bss.$RamAHB32*)
                0x2007c000                . = ALIGN (0x4)
                0x2007c000                PROVIDE (__end_bss_RAM2, .)

.bss            0x10000050     0x4b68
                0x10000050                _bss = .
 *(.bss*)
 .bss.xHeap     0x10000050     0x4000 ./freertos/src/heap_2.o
 .bss.xStart    0x10004050        0x8 ./freertos/src/heap_2.o
 .bss.xEnd      0x10004058        0x8 ./freertos/src/heap_2.o
 .bss.xHeapHasBeenInitialised.7531
                0x10004060        0x4 ./freertos/src/heap_2.o
 .bss.ulTimerCountsForOneTick
                0x10004064        0x4 ./freertos/src/port.o
 .bss.xMaximumPossibleSuppressedTicks
                0x10004068        0x4 ./freertos/src/port.o
 .bss.ulStoppedTimerCompensation
                0x1000406c        0x4 ./freertos/src/port.o
 .bss.pxCurrentTCB
                0x10004070        0x4 ./freertos/src/tasks.o
                0x10004070                pxCurrentTCB
 .bss.pxReadyTasksLists
                0x10004074       0xa0 ./freertos/src/tasks.o
 .bss.xDelayedTaskList1
                0x10004114       0x14 ./freertos/src/tasks.o
 .bss.xDelayedTaskList2
                0x10004128       0x14 ./freertos/src/tasks.o
 .bss.pxDelayedTaskList
                0x1000413c        0x4 ./freertos/src/tasks.o
 .bss.pxOverflowDelayedTaskList
                0x10004140        0x4 ./freertos/src/tasks.o
 .bss.xPendingReadyList
                0x10004144       0x14 ./freertos/src/tasks.o
 .bss.xSuspendedTaskList
                0x10004158       0x14 ./freertos/src/tasks.o
 .bss.uxCurrentNumberOfTasks
                0x1000416c        0x4 ./freertos/src/tasks.o
 .bss.xTickCount
                0x10004170        0x4 ./freertos/src/tasks.o
 .bss.uxTopReadyPriority
                0x10004174        0x4 ./freertos/src/tasks.o
 .bss.xSchedulerRunning
                0x10004178        0x4 ./freertos/src/tasks.o
 .bss.uxSchedulerSuspended
                0x1000417c        0x4 ./freertos/src/tasks.o
 .bss.uxPendedTicks
                0x10004180        0x4 ./freertos/src/tasks.o
 .bss.xYieldPending
                0x10004184        0x4 ./freertos/src/tasks.o
 .bss.xNumOfOverflows